This is LuaHBTeX, Version 1.24.0 (TeX Live 2026)  (format=lualatex 2026.10.8)  8 OCT 2026 16:07
 restricted system commands enabled.
 file:line:error style messages enabled.
**c:/Users/bastian.na/Documents/Praxisbericht/main.tex
(c:/Users/bastian.na/Documents/Praxisbericht/main.tex
LaTeX2e <2025-11-01>
L3 programming layer <2026-01-19>
Lua module: luaotfload 2024-12-03 v3.29 Lua based OpenType font support
Lua module: lualibs 2023-07-13 v2.76 ConTeXt Lua standard libraries.
Lua module: lualibs-extended 2023-07-13 v2.76 ConTeXt Lua libraries -- extended collection.
luaotfload | conf : Root cache directory is "C:/texlive/2026/texmf-var/luatex-cache/generic/names".
luaotfload | init : Loading fontloader "fontloader-2023-12-28.lua" from kpse-resolved path "c:/texlive/2026/texmf-dist/tex/luatex/luaotfload/fontloader-2023-12-28.lua".
Lua-only attribute luaotfload@noligature = 1
luaotfload | init : Context OpenType loader version 3.134
Inserting `luaotfload.node_processor' in `pre_linebreak_filter'.
Inserting `luaotfload.node_processor' in `hpack_filter'.
Inserting `luaotfload.glyph_stream' in `glyph_stream_provider'.
Inserting `luaotfload.define_font' in `define_font'.
Lua-only attribute luaotfload_color_attribute = 2
luaotfload | conf : Root cache directory is "C:/texlive/2026/texmf-var/luatex-cache/generic/names".
Inserting `luaotfload.harf.strip_prefix' in `find_opentype_file'.
Inserting `luaotfload.harf.strip_prefix' in `find_truetype_file'.
Removing  `luaotfload.glyph_stream' from `glyph_stream_provider'.
Inserting `luaotfload.harf.glyphstream' in `glyph_stream_provider'.
Inserting `luaotfload.harf.finalize_vlist' in `post_linebreak_filter'.
Inserting `luaotfload.harf.finalize_hlist' in `hpack_filter'.
Inserting `luaotfload.cleanup_files' in `wrapup_run'.
Inserting `luaotfload.harf.finalize_unicode' in `finish_pdffile'.
Inserting `luaotfload.glyphinfo' in `glyph_info'.
Lua-only attribute luaotfload.letterspace_done = 3
Inserting `luaotfload.aux.set_sscale_dimens' in `luaotfload.patch_font'.
Inserting `luaotfload.aux.set_font_index' in `luaotfload.patch_font'.
Inserting `luaotfload.aux.patch_cambria_domh' in `luaotfload.patch_font'.
Inserting `luaotfload.aux.fixup_fontdata' in `luaotfload.patch_font_unsafe'.
Inserting `luaotfload.aux.set_capheight' in `luaotfload.patch_font'.
Inserting `luaotfload.aux.set_xheight' in `luaotfload.patch_font'.
Inserting `luaotfload.rewrite_fontname' in `luaotfload.patch_font'.
Inserting `tracingstacklevels' in `input_level_string'. (c:/Users/bastian.na/texmf/tex/latex/othr-ci/OTHRartcl.cls
Document Class: OTHRartcl 
(c:/texlive/2026/texmf-dist/tex/latex/koma-script/scrartcl.cls
Document Class: scrartcl 2026/02/02 v3.49.2 KOMA-Script document class (article)
(c:/texlive/2026/texmf-dist/tex/latex/koma-script/scrkbase.sty
Package: scrkbase 2026/02/02 v3.49.2 KOMA-Script package (KOMA-Script-dependent basics and keyval usage)
 (c:/texlive/2026/texmf-dist/tex/latex/koma-script/scrbase.sty
Package: scrbase 2026/02/02 v3.49.2 KOMA-Script package (KOMA-Script-independent basics and keyval usage)
 (c:/texlive/2026/texmf-dist/tex/latex/koma-script/scrlfile.sty
Package: scrlfile 2026/02/02 v3.49.2 KOMA-Script package (file load hooks)
 (c:/texlive/2026/texmf-dist/tex/latex/koma-script/scrlfile-hook.sty
Package: scrlfile-hook 2026/02/02 v3.49.2 KOMA-Script package (using LaTeX hooks)
 (c:/texlive/2026/texmf-dist/tex/latex/koma-script/scrlogo.sty
Package: scrlogo 2026/02/02 v3.49.2 KOMA-Script package (logo)
))) (c:/texlive/2026/texmf-dist/tex/latex/graphics/keyval.sty
Package: keyval 2022/05/29 v1.15 key=value parser (DPC)
\KV@toks@=\toks17
)
Applying: [2021/05/01] Usage of raw or classic option list on input line 254.
Already applied: [0000/00/00] Usage of raw or classic option list on input line 370.
)) (c:/texlive/2026/texmf-dist/tex/latex/koma-script/tocbasic.sty
Package: tocbasic 2026/02/02 v3.49.2 KOMA-Script package (handling toc-files)
\scr@dte@tocline@numberwidth=\skip49
\scr@dte@tocline@numbox=\box53
)
Package tocbasic Info: omitting babel extension for `toc'
(tocbasic)             because of feature `nobabel' available
(tocbasic)             for `toc' on input line 141.
Package scrartcl Info: You've used standard option `12pt'.
(scrartcl)             This is correct!
(scrartcl)             Internally I'm using `fontsize=12pt'.
(scrartcl)             If you'd like to set the option with \KOMAoptions,
(scrartcl)             you'd have to use `fontsize=12pt' there
(scrartcl)             instead of `12pt', too.
Class scrartcl Info: File `scrsize12pt.clo' used to setup font sizes on input line 2489.
 (c:/texlive/2026/texmf-dist/tex/latex/koma-script/scrsize12pt.clo
File: scrsize12pt.clo 2026/02/02 v3.49.2 KOMA-Script font size class option (12pt)
luaotfload | db : Font names database loaded from C:/texlive/2026/texmf-var/luatex-cache/generic/names/luaotfload-names.luc.gz) (c:/texlive/2026/texmf-dist/tex/latex/koma-script/typearea.sty
Package: typearea 2026/02/02 v3.49.2 KOMA-Script package (type area)
\ta@bcor=\skip50
\ta@div=\count273
Package typearea Info: You've used standard option `a4paper'.
(typearea)             This is correct!
(typearea)             Internally I'm using `paper=a4'.
(typearea)             If you'd like to set the option with \KOMAoptions,
(typearea)             you'd have to use `paper=a4' there
(typearea)             instead of `a4paper', too.
\ta@hblk=\skip51
\ta@vblk=\skip52
\ta@temp=\skip53
\footheight=\skip54
Package typearea Info: These are the values describing the layout:
(typearea)             DIV  = 13
(typearea)             BCOR = 28.45274pt
(typearea)             \paperwidth      = 597.50793pt
(typearea)              \textwidth      = 437.73479pt
(typearea)              DIV departure   = -3%
(typearea)              \evensidemargin = 15.27695pt
(typearea)              \oddsidemargin  = -0.04378pt
(typearea)             \paperheight     = 845.04694pt
(typearea)              \textheight     = 664.5pt
(typearea)              \topmargin      = -47.14139pt
(typearea)              \headheight     = 18.125pt
(typearea)              \headsep        = 21.75pt
(typearea)              \topskip        = 12.0pt
(typearea)              \footskip       = 50.75pt
(typearea)              \baselineskip   = 14.5pt
(typearea)              on input line 1810.
)
\c_scrartcl_cmdhook_cctab=\catcodetable14
\c@part=\count274
\c@section=\count275
\c@subsection=\count276
\c@subsubsection=\count277
\c@paragraph=\count278
\c@subparagraph=\count279
\scr@dte@section@maxnumwidth=\skip55
Class scrartcl Info: using compatibility default `runin=bysign'
(scrartcl)           for `\section on input line 5015.
Class scrartcl Info: using compatibility default `afterindent=bysign'
(scrartcl)           for `\section on input line 5015.
\scr@dte@part@maxnumwidth=\skip56
Class scrartcl Info: using compatibility default `afterindent=false'
(scrartcl)           for `\part on input line 5023.
\scr@dte@subsection@maxnumwidth=\skip57
Class scrartcl Info: using compatibility default `runin=bysign'
(scrartcl)           for `\subsection on input line 5033.
Class scrartcl Info: using compatibility default `afterindent=bysign'
(scrartcl)           for `\subsection on input line 5033.
\scr@dte@subsubsection@maxnumwidth=\skip58
Class scrartcl Info: using compatibility default `runin=bysign'
(scrartcl)           for `\subsubsection on input line 5043.
Class scrartcl Info: using compatibility default `afterindent=bysign'
(scrartcl)           for `\subsubsection on input line 5043.
\scr@dte@paragraph@maxnumwidth=\skip59
Class scrartcl Info: using compatibility default `runin=bysign'
(scrartcl)           for `\paragraph on input line 5054.
Class scrartcl Info: using compatibility default `afterindent=bysign'
(scrartcl)           for `\paragraph on input line 5054.
\scr@dte@subparagraph@maxnumwidth=\skip60
Class scrartcl Info: using compatibility default `runin=bysign'
(scrartcl)           for `\subparagraph on input line 5064.
Class scrartcl Info: using compatibility default `afterindent=bysign'
(scrartcl)           for `\subparagraph on input line 5064.
\abovecaptionskip=\skip61
\belowcaptionskip=\skip62
\c@pti@nb@sid@b@x=\box54
Package tocbasic Info: omitting babel extension for `lof'
(tocbasic)             because of feature `nobabel' available
(tocbasic)             for `lof' on input line 6287.
\scr@dte@figure@maxnumwidth=\skip63
\c@figure=\count280
Package tocbasic Info: omitting babel extension for `lot'
(tocbasic)             because of feature `nobabel' available
(tocbasic)             for `lot' on input line 6299.
\scr@dte@table@maxnumwidth=\skip64
\c@table=\count281
Class scrartcl Info: Redefining `\numberline' on input line 6469.
\bibindent=\dimen147
) (c:/Users/bastian.na/texmf/tex/latex/othr-ci/OTHR.sty
Package: OTHR 2025-10-20 v0.02-dev Fundamental configuration for OTHR-CI – LaTeX using the Coporate Design of OTH Regensburg
 (c:/Users/bastian.na/texmf/tex/latex/othr-ci/othr-colors.sty
Package: othr-colors 2025-10-20 v0.02-dev Color setup for CI of OTH Regensburg
 (c:/texlive/2026/texmf-dist/tex/latex/xcolor/xcolor.sty
Package: xcolor 2024/09/29 v3.02 LaTeX color extensions (UK)
 (c:/texlive/2026/texmf-dist/tex/latex/graphics-cfg/color.cfg
File: color.cfg 2016/01/02 v1.6 sample color configuration
)
Package xcolor Info: Driver file: luatex.def on input line 274.
 (c:/texlive/2026/texmf-dist/tex/latex/graphics-def/luatex.def
File: luatex.def 2025/09/29 v1.2f Graphics/color driver for luatex
) (c:/texlive/2026/texmf-dist/tex/latex/graphics/mathcolor.ltx)
Package xcolor Info: Model `cmy' substituted by `cmy0' on input line 1349.
Package xcolor Info: Model `hsb' substituted by `rgb' on input line 1353.
Package xcolor Info: Model `RGB' extended on input line 1365.
Package xcolor Info: Model `HTML' substituted by `rgb' on input line 1367.
Package xcolor Info: Model `Hsb' substituted by `hsb' on input line 1368.
Package xcolor Info: Model `tHsb' substituted by `hsb' on input line 1369.
Package xcolor Info: Model `HSB' substituted by `hsb' on input line 1370.
Package xcolor Info: Model `Gray' substituted by `gray' on input line 1371.
Package xcolor Info: Model `wave' substituted by `hsb' on input line 1372.
) (c:/Users/bastian.na/texmf/tex/latex/othr-ci/othr-colors.def
File: othr-colors.def 2025-10-20 v0.02-dev Color definitions for OTHR-CI
)) (c:/Users/bastian.na/texmf/tex/latex/othr-ci/othr-logos.sty
Package: othr-logos 2025-05-22 v0.01-dev logo setup for OTH Regensburg CI
 (c:/texlive/2026/texmf-dist/tex/latex/xkeyval/xkeyval.sty
Package: xkeyval 2025/11/04 v2.10 package option processing (HA)
 (c:/texlive/2026/texmf-dist/tex/generic/xkeyval/xkeyval.tex (c:/texlive/2026/texmf-dist/tex/generic/xkeyval/xkvutils.tex
\XKV@toks=\toks18
\XKV@tempa@toks=\toks19
\XKV@tempb@toks=\toks20
)
\XKV@depth=\count282
File: xkeyval.tex 2014/12/03 v2.7a key=value parser (HA)
)) (c:/texlive/2026/texmf-dist/tex/latex/graphics/graphicx.sty
Package: graphicx 2024/12/31 v1.2e Enhanced LaTeX Graphics (DPC,SPQR)
 (c:/texlive/2026/texmf-dist/tex/latex/graphics/graphics.sty
Package: graphics 2024/08/06 v1.4g Standard LaTeX Graphics (DPC,SPQR)
 (c:/texlive/2026/texmf-dist/tex/latex/graphics/trig.sty
Package: trig 2023/12/02 v1.11 sin cos tan (DPC)
) (c:/texlive/2026/texmf-dist/tex/latex/graphics-cfg/graphics.cfg
File: graphics.cfg 2016/06/04 v1.11 sample graphics configuration
)
Package graphics Info: Driver file: luatex.def on input line 106.
)
\Gin@req@height=\dimen148
\Gin@req@width=\dimen149
) (c:/texlive/2026/texmf-dist/tex/generic/pdftexcmds/pdftexcmds.sty
Package: pdftexcmds 2020-06-27 v0.33 Utility functions of pdfTeX for LuaTeX (HO)
 (c:/texlive/2026/texmf-dist/tex/generic/infwarerr/infwarerr.sty
Package: infwarerr 2019/12/03 v1.5 Providing info/warning/error messages (HO)
) (c:/texlive/2026/texmf-dist/tex/generic/iftex/iftex.sty
Package: iftex 2024/12/12 v1.0g TeX engine tests
) (c:/texlive/2026/texmf-dist/tex/generic/ltxcmds/ltxcmds.sty
Package: ltxcmds 2023-12-04 v1.26 LaTeX kernel commands for general use (HO)
)
Package pdftexcmds Info: \pdf@primitive is available.
Package pdftexcmds Info: \pdf@ifprimitive is available.
Package pdftexcmds Info: \pdfdraftmode found.
\pdftexcmds@toks=\toks21
)
\l__ptxcd_logoheight_dim=\dimen150
\l__ptxcd_logowidth_dim=\dimen151
) (c:/Users/bastian.na/texmf/tex/latex/othr-ci/othr-fonts.sty
Package: othr-fonts 2025-10-20 v0.02-dev Font Setup for the CI of OTH Regensburg
 (c:/texlive/2026/texmf-dist/tex/latex/fontspec/fontspec.sty (c:/texlive/2026/texmf-dist/tex/latex/l3packages/xparse/xparse.sty (c:/texlive/2026/texmf-dist/tex/latex/l3kernel/expl3.sty
Package: expl3 2026-01-19 L3 programming layer (loader) 
 (c:/texlive/2026/texmf-dist/tex/latex/l3backend/l3backend-luatex.def
File: l3backend-luatex.def 2025-10-09 L3 backend support: PDF output (LuaTeX)
\l__color_backend_stack_int=\count283
Inserting `l3color' in `luaotfload.parse_color'.))
Package: xparse 2025-10-09 L3 Experimental document command parser
)
Package: fontspec 2025/09/29 v2.9g Font selection for XeLaTeX and LuaLaTeX
Lua module: fontspec 2025/09/29 v2.9g Font selection for XeLaTeX and LuaLaTeX (c:/texlive/2026/texmf-dist/tex/latex/fontspec/fontspec-luatex.sty
Package: fontspec-luatex 2025/09/29 v2.9g Font selection for XeLaTeX and LuaLaTeX
\l__fontspec_script_int=\count284
\l__fontspec_language_int=\count285
\l__fontspec_strnum_int=\count286
\l__fontspec_tmp_int=\count287
\l__fontspec_tmpa_int=\count288
\l__fontspec_tmpb_int=\count289
\l__fontspec_tmpc_int=\count290
\l__fontspec_em_int=\count291
\l__fontspec_emdef_int=\count292
\l__fontspec_strong_int=\count293
\l__fontspec_strongdef_int=\count294
\l__fontspec_tmpa_dim=\dimen152
\l__fontspec_tmpb_dim=\dimen153
\l__fontspec_tmpc_dim=\dimen154
 (c:/texlive/2026/texmf-dist/tex/latex/base/fontenc.sty
Package: fontenc 2025/07/18 v2.1d Standard LaTeX package
) (c:/texlive/2026/texmf-dist/tex/latex/fontspec/fontspec.cfg))) (c:/texlive/2026/texmf-dist/tex/latex/anyfontsize/anyfontsize.sty
Package: anyfontsize 2007/11/22 anyfontsize.sty by pts
) (c:/texlive/2026/texmf-dist/tex/latex/dejavu-otf/dejavu-otf.sty
Package: dejavu-otf 2025/05/23 v. 0.07 (Herbert Voss) Supports DejaVu OpenType for lualatex/xelatex.
 (c:/texlive/2026/texmf-dist/tex/latex/base/textcomp.sty
Package: textcomp 2024/04/24 v2.1b Standard LaTeX package
) (c:/texlive/2026/texmf-dist/tex/latex/unicode-math/unicode-math.sty
Package: unicode-math 2023/08/13 v0.8r Unicode maths in XeLaTeX and LuaLaTeX
 (c:/texlive/2026/texmf-dist/tex/latex/unicode-math/unicode-math-luatex.sty
Package: unicode-math-luatex 2023/08/13 v0.8r Unicode maths in XeLaTeX and LuaLaTeX
 (c:/texlive/2026/texmf-dist/tex/latex/l3packages/l3keys2e/l3keys2e.sty
Package: l3keys2e 2025-10-09 LaTeX2e option processing using LaTeX3 keys
) (c:/texlive/2026/texmf-dist/tex/latex/base/fix-cm.sty
Package: fix-cm 2020/11/24 v1.1t fixes to LaTeX
 (c:/texlive/2026/texmf-dist/tex/latex/base/ts1enc.def
File: ts1enc.def 2001/06/05 v3.0e (jk/car/fm) Standard LaTeX file
LaTeX Font Info:    Redeclaring font encoding TS1 on input line 47.
LaTeX Encoding Info:    Redeclaring text command \capitalcedilla (encoding TS1) on input line 49.
LaTeX Encoding Info:    Redeclaring text command \capitalogonek (encoding TS1) on input line 52.
LaTeX Encoding Info:    Redeclaring text command \capitalgrave (encoding TS1) on input line 55.
LaTeX Encoding Info:    Redeclaring text command \capitalacute (encoding TS1) on input line 56.
LaTeX Encoding Info:    Redeclaring text command \capitalcircumflex (encoding TS1) on input line 57.
LaTeX Encoding Info:    Redeclaring text command \capitaltilde (encoding TS1) on input line 58.
LaTeX Encoding Info:    Redeclaring text command \capitaldieresis (encoding TS1) on input line 59.
LaTeX Encoding Info:    Redeclaring text command \capitalhungarumlaut (encoding TS1) on input line 60.
LaTeX Encoding Info:    Redeclaring text command \capitalring (encoding TS1) on input line 61.
LaTeX Encoding Info:    Redeclaring text command \capitalcaron (encoding TS1) on input line 62.
LaTeX Encoding Info:    Redeclaring text command \capitalbreve (encoding TS1) on input line 63.
LaTeX Encoding Info:    Redeclaring text command \capitalmacron (encoding TS1) on input line 64.
LaTeX Encoding Info:    Redeclaring text command \capitaldotaccent (encoding TS1) on input line 65.
LaTeX Encoding Info:    Redeclaring text command \t (encoding TS1) on input line 66.
LaTeX Encoding Info:    Redeclaring text command \capitaltie (encoding TS1) on input line 67.
LaTeX Encoding Info:    Redeclaring text command \newtie (encoding TS1) on input line 68.
LaTeX Encoding Info:    Redeclaring text command \capitalnewtie (encoding TS1) on input line 69.
LaTeX Encoding Info:    Redeclaring text symbol \textcapitalcompwordmark (encoding TS1) on input line 70.
LaTeX Encoding Info:    Redeclaring text symbol \textascendercompwordmark (encoding TS1) on input line 71.
LaTeX Encoding Info:    Redeclaring text symbol \textquotestraightbase (encoding TS1) on input line 72.
LaTeX Encoding Info:    Redeclaring text symbol \textquotestraightdblbase (encoding TS1) on input line 73.
LaTeX Encoding Info:    Redeclaring text symbol \texttwelveudash (encoding TS1) on input line 74.
LaTeX Encoding Info:    Redeclaring text symbol \textthreequartersemdash (encoding TS1) on input line 75.
LaTeX Encoding Info:    Redeclaring text symbol \textleftarrow (encoding TS1) on input line 76.
LaTeX Encoding Info:    Redeclaring text symbol \textrightarrow (encoding TS1) on input line 77.
LaTeX Encoding Info:    Redeclaring text symbol \textblank (encoding TS1) on input line 78.
LaTeX Encoding Info:    Redeclaring text symbol \textdollar (encoding TS1) on input line 79.
LaTeX Encoding Info:    Redeclaring text symbol \textquotesingle (encoding TS1) on input line 80.
LaTeX Encoding Info:    Redeclaring text command \textasteriskcentered (encoding TS1) on input line 81.
LaTeX Encoding Info:    Redeclaring text symbol \textdblhyphen (encoding TS1) on input line 92.
LaTeX Encoding Info:    Redeclaring text symbol \textfractionsolidus (encoding TS1) on input line 93.
LaTeX Encoding Info:    Redeclaring text symbol \textzerooldstyle (encoding TS1) on input line 94.
LaTeX Encoding Info:    Redeclaring text symbol \textoneoldstyle (encoding TS1) on input line 95.
LaTeX Encoding Info:    Redeclaring text symbol \texttwooldstyle (encoding TS1) on input line 96.
LaTeX Encoding Info:    Redeclaring text symbol \textthreeoldstyle (encoding TS1) on input line 97.
LaTeX Encoding Info:    Redeclaring text symbol \textfouroldstyle (encoding TS1) on input line 98.
LaTeX Encoding Info:    Redeclaring text symbol \textfiveoldstyle (encoding TS1) on input line 99.
LaTeX Encoding Info:    Redeclaring text symbol \textsixoldstyle (encoding TS1) on input line 100.
LaTeX Encoding Info:    Redeclaring text symbol \textsevenoldstyle (encoding TS1) on input line 101.
LaTeX Encoding Info:    Redeclaring text symbol \texteightoldstyle (encoding TS1) on input line 102.
LaTeX Encoding Info:    Redeclaring text symbol \textnineoldstyle (encoding TS1) on input line 103.
LaTeX Encoding Info:    Redeclaring text symbol \textlangle (encoding TS1) on input line 104.
LaTeX Encoding Info:    Redeclaring text symbol \textminus (encoding TS1) on input line 105.
LaTeX Encoding Info:    Redeclaring text symbol \textrangle (encoding TS1) on input line 106.
LaTeX Encoding Info:    Redeclaring text symbol \textmho (encoding TS1) on input line 107.
LaTeX Encoding Info:    Redeclaring text symbol \textbigcircle (encoding TS1) on input line 108.
LaTeX Encoding Info:    Redeclaring text command \textcircled (encoding TS1) on input line 109.
LaTeX Encoding Info:    Redeclaring text symbol \textohm (encoding TS1) on input line 115.
LaTeX Encoding Info:    Redeclaring text symbol \textlbrackdbl (encoding TS1) on input line 116.
LaTeX Encoding Info:    Redeclaring text symbol \textrbrackdbl (encoding TS1) on input line 117.
LaTeX Encoding Info:    Redeclaring text symbol \textuparrow (encoding TS1) on input line 118.
LaTeX Encoding Info:    Redeclaring text symbol \textdownarrow (encoding TS1) on input line 119.
LaTeX Encoding Info:    Redeclaring text symbol \textasciigrave (encoding TS1) on input line 120.
LaTeX Encoding Info:    Redeclaring text symbol \textborn (encoding TS1) on input line 121.
LaTeX Encoding Info:    Redeclaring text symbol \textdivorced (encoding TS1) on input line 122.
LaTeX Encoding Info:    Redeclaring text symbol \textdied (encoding TS1) on input line 123.
LaTeX Encoding Info:    Redeclaring text symbol \textleaf (encoding TS1) on input line 124.
LaTeX Encoding Info:    Redeclaring text symbol \textmarried (encoding TS1) on input line 125.
LaTeX Encoding Info:    Redeclaring text symbol \textmusicalnote (encoding TS1) on input line 126.
LaTeX Encoding Info:    Redeclaring text symbol \texttildelow (encoding TS1) on input line 127.
LaTeX Encoding Info:    Redeclaring text symbol \textdblhyphenchar (encoding TS1) on input line 128.
LaTeX Encoding Info:    Redeclaring text symbol \textasciibreve (encoding TS1) on input line 129.
LaTeX Encoding Info:    Redeclaring text symbol \textasciicaron (encoding TS1) on input line 130.
LaTeX Encoding Info:    Redeclaring text symbol \textacutedbl (encoding TS1) on input line 131.
LaTeX Encoding Info:    Redeclaring text symbol \textgravedbl (encoding TS1) on input line 132.
LaTeX Encoding Info:    Redeclaring text symbol \textdagger (encoding TS1) on input line 133.
LaTeX Encoding Info:    Redeclaring text symbol \textdaggerdbl (encoding TS1) on input line 134.
LaTeX Encoding Info:    Redeclaring text symbol \textbardbl (encoding TS1) on input line 135.
LaTeX Encoding Info:    Redeclaring text symbol \textperthousand (encoding TS1) on input line 136.
LaTeX Encoding Info:    Redeclaring text symbol \textbullet (encoding TS1) on input line 137.
LaTeX Encoding Info:    Redeclaring text symbol \textcelsius (encoding TS1) on input line 138.
LaTeX Encoding Info:    Redeclaring text symbol \textdollaroldstyle (encoding TS1) on input line 139.
LaTeX Encoding Info:    Redeclaring text symbol \textcentoldstyle (encoding TS1) on input line 140.
LaTeX Encoding Info:    Redeclaring text symbol \textflorin (encoding TS1) on input line 141.
LaTeX Encoding Info:    Redeclaring text symbol \textcolonmonetary (encoding TS1) on input line 142.
LaTeX Encoding Info:    Redeclaring text symbol \textwon (encoding TS1) on input line 143.
LaTeX Encoding Info:    Redeclaring text symbol \textnaira (encoding TS1) on input line 144.
LaTeX Encoding Info:    Redeclaring text symbol \textguarani (encoding TS1) on input line 145.
LaTeX Encoding Info:    Redeclaring text symbol \textpeso (encoding TS1) on input line 146.
LaTeX Encoding Info:    Redeclaring text symbol \textlira (encoding TS1) on input line 147.
LaTeX Encoding Info:    Redeclaring text symbol \textrecipe (encoding TS1) on input line 148.
LaTeX Encoding Info:    Redeclaring text symbol \textinterrobang (encoding TS1) on input line 149.
LaTeX Encoding Info:    Redeclaring text symbol \textinterrobangdown (encoding TS1) on input line 150.
LaTeX Encoding Info:    Redeclaring text symbol \textdong (encoding TS1) on input line 151.
LaTeX Encoding Info:    Redeclaring text symbol \texttrademark (encoding TS1) on input line 152.
LaTeX Encoding Info:    Redeclaring text symbol \textpertenthousand (encoding TS1) on input line 153.
LaTeX Encoding Info:    Redeclaring text symbol \textpilcrow (encoding TS1) on input line 154.
LaTeX Encoding Info:    Redeclaring text symbol \textbaht (encoding TS1) on input line 155.
LaTeX Encoding Info:    Redeclaring text symbol \textnumero (encoding TS1) on input line 156.
LaTeX Encoding Info:    Redeclaring text symbol \textdiscount (encoding TS1) on input line 157.
LaTeX Encoding Info:    Redeclaring text symbol \textestimated (encoding TS1) on input line 158.
LaTeX Encoding Info:    Redeclaring text symbol \textopenbullet (encoding TS1) on input line 159.
LaTeX Encoding Info:    Redeclaring text symbol \textservicemark (encoding TS1) on input line 160.
LaTeX Encoding Info:    Redeclaring text symbol \textlquill (encoding TS1) on input line 161.
LaTeX Encoding Info:    Redeclaring text symbol \textrquill (encoding TS1) on input line 162.
LaTeX Encoding Info:    Redeclaring text symbol \textcent (encoding TS1) on input line 163.
LaTeX Encoding Info:    Redeclaring text symbol \textsterling (encoding TS1) on input line 164.
LaTeX Encoding Info:    Redeclaring text symbol \textcurrency (encoding TS1) on input line 165.
LaTeX Encoding Info:    Redeclaring text symbol \textyen (encoding TS1) on input line 166.
LaTeX Encoding Info:    Redeclaring text symbol \textbrokenbar (encoding TS1) on input line 167.
LaTeX Encoding Info:    Redeclaring text symbol \textsection (encoding TS1) on input line 168.
LaTeX Encoding Info:    Redeclaring text symbol \textasciidieresis (encoding TS1) on input line 169.
LaTeX Encoding Info:    Redeclaring text symbol \textcopyright (encoding TS1) on input line 170.
LaTeX Encoding Info:    Redeclaring text symbol \textordfeminine (encoding TS1) on input line 171.
LaTeX Encoding Info:    Redeclaring text symbol \textcopyleft (encoding TS1) on input line 172.
LaTeX Encoding Info:    Redeclaring text symbol \textlnot (encoding TS1) on input line 173.
LaTeX Encoding Info:    Redeclaring text symbol \textcircledP (encoding TS1) on input line 174.
LaTeX Encoding Info:    Redeclaring text symbol \textregistered (encoding TS1) on input line 175.
LaTeX Encoding Info:    Redeclaring text symbol \textasciimacron (encoding TS1) on input line 176.
LaTeX Encoding Info:    Redeclaring text symbol \textdegree (encoding TS1) on input line 177.
LaTeX Encoding Info:    Redeclaring text symbol \textpm (encoding TS1) on input line 178.
LaTeX Encoding Info:    Redeclaring text symbol \texttwosuperior (encoding TS1) on input line 179.
LaTeX Encoding Info:    Redeclaring text symbol \textthreesuperior (encoding TS1) on input line 180.
LaTeX Encoding Info:    Redeclaring text symbol \textasciiacute (encoding TS1) on input line 181.
LaTeX Encoding Info:    Redeclaring text symbol \textmu (encoding TS1) on input line 182.
LaTeX Encoding Info:    Redeclaring text symbol \textparagraph (encoding TS1) on input line 183.
LaTeX Encoding Info:    Redeclaring text symbol \textperiodcentered (encoding TS1) on input line 184.
LaTeX Encoding Info:    Redeclaring text symbol \textreferencemark (encoding TS1) on input line 185.
LaTeX Encoding Info:    Redeclaring text symbol \textonesuperior (encoding TS1) on input line 186.
LaTeX Encoding Info:    Redeclaring text symbol \textordmasculine (encoding TS1) on input line 187.
LaTeX Encoding Info:    Redeclaring text symbol \textsurd (encoding TS1) on input line 188.
LaTeX Encoding Info:    Redeclaring text symbol \textonequarter (encoding TS1) on input line 189.
LaTeX Encoding Info:    Redeclaring text symbol \textonehalf (encoding TS1) on input line 190.
LaTeX Encoding Info:    Redeclaring text symbol \textthreequarters (encoding TS1) on input line 191.
LaTeX Encoding Info:    Redeclaring text symbol \texteuro (encoding TS1) on input line 192.
LaTeX Encoding Info:    Redeclaring text symbol \texttimes (encoding TS1) on input line 193.
LaTeX Encoding Info:    Redeclaring text symbol \textdiv (encoding TS1) on input line 194.
)) (c:/texlive/2026/texmf-dist/tex/latex/amsmath/amsmath.sty
Package: amsmath 2025/07/09 v2.17z AMS math features
\@mathmargin=\skip65

For additional information on amsmath, use the `?' option.
(c:/texlive/2026/texmf-dist/tex/latex/amsmath/amstext.sty
Package: amstext 2024/11/17 v2.01 AMS text
 (c:/texlive/2026/texmf-dist/tex/latex/amsmath/amsgen.sty
File: amsgen.sty 1999/11/30 v2.0 generic functions
\@emptytoks=\toks22
\ex@=\dimen155
)) (c:/texlive/2026/texmf-dist/tex/latex/amsmath/amsbsy.sty
Package: amsbsy 1999/11/29 v1.2d Bold Symbols
\pmbraise@=\dimen156
) (c:/texlive/2026/texmf-dist/tex/latex/amsmath/amsopn.sty
Package: amsopn 2022/04/08 v2.04 operator names
)
\inf@bad=\count295
LaTeX Info: Redefining \frac on input line 235.
\uproot@=\count296
\leftroot@=\count297
LaTeX Info: Redefining \overline on input line 398.
LaTeX Info: Redefining \colon on input line 409.
\classnum@=\count298
\DOTSCASE@=\count299
LaTeX Info: Redefining \ldots on input line 495.
LaTeX Info: Redefining \dots on input line 498.
LaTeX Info: Redefining \cdots on input line 619.
\Mathstrutbox@=\box55
\strutbox@=\box56
LaTeX Info: Redefining \big on input line 721.
LaTeX Info: Redefining \Big on input line 722.
LaTeX Info: Redefining \bigg on input line 723.
LaTeX Info: Redefining \Bigg on input line 724.
\big@size=\dimen157
LaTeX Font Info:    Redeclaring font encoding OML on input line 742.
LaTeX Font Info:    Redeclaring font encoding OMS on input line 743.
\macc@depth=\count300
LaTeX Info: Redefining \bmod on input line 904.
LaTeX Info: Redefining \pmod on input line 909.
LaTeX Info: Redefining \smash on input line 939.
LaTeX Info: Redefining \relbar on input line 969.
LaTeX Info: Redefining \Relbar on input line 970.
\c@MaxMatrixCols=\count301
\dotsspace@=\muskip17
\c@parentequation=\count302
\dspbrk@lvl=\count303
\tag@help=\toks23
\row@=\count304
\column@=\count305
\maxfields@=\count306
\andhelp@=\toks24
\eqnshift@=\dimen158
\alignsep@=\dimen159
\tagshift@=\dimen160
\tagwidth@=\dimen161
\totwidth@=\dimen162
\lineht@=\dimen163
\@envbody=\toks25
\multlinegap=\skip66
\multlinetaggap=\skip67
\mathdisplay@stack=\toks26
LaTeX Info: Redefining \[ on input line 2950.
LaTeX Info: Redefining \] on input line 2951.
) (c:/texlive/2026/texmf-dist/tex/lualatex/lualatex-math/lualatex-math.sty
Package: lualatex-math 2022/01/01 v1.12 Patches for mathematics typesetting with LuaLaTeX
 (c:/texlive/2026/texmf-dist/tex/latex/etoolbox/etoolbox.sty
Package: etoolbox 2025/10/02 v2.5m e-TeX tools for LaTeX (JAW)
\etb@tempcnta=\count307
)
Lua module: lualatex-math 2013/08/03 v1.3 Patches for mathematics typesetting with LuaLaTeX)
\g__um_fam_int=\count308
\g__um_fonts_used_int=\count309
\l__um_primecount_int=\count310
\g__um_primekern_muskip=\muskip18
 (c:/texlive/2026/texmf-dist/tex/latex/unicode-math/unicode-math-table.tex)))
Using symbolic names for the DejaVu font
luaotfload | cache : Lookup cache loaded from C:/texlive/2026/texmf-var/luatex-cache/generic/names/luaotfload-lookup-cache.luc.

Package fontspec Info: 
(fontspec)             DejaVu Serif scale = 0.91.


Package fontspec Info: 
(fontspec)             DejaVu Serif scale = 0.91.


Package fontspec Info: 
(fontspec)             DejaVu Serif scale = 0.91.


Package fontspec Info: 
(fontspec)             DejaVu Serif Bold scale = 0.91.


Package fontspec Info: 
(fontspec)             DejaVu Serif scale = 0.91.


Package fontspec Info: 
(fontspec)             DejaVu Serif Italic scale = 0.91.


Package fontspec Info: 
(fontspec)             DejaVu Serif scale = 0.91.


Package fontspec Info: 
(fontspec)             DejaVu Serif Bold Italic scale = 0.91.


Package fontspec Info: 
(fontspec)             DejaVu Serif scale = 0.91.


Package fontspec Info: 
(fontspec)             Font family 'DejaVuSerif(0)' created for font 'DejaVu
(fontspec)             Serif' with options
(fontspec)             [Ligatures=TeX,RawFeature={-smcp},Ligatures=TeX,Ligatures=TeX,Scale=0.91,UprightFont=
(fontspec)             *,BoldFont = * Bold,ItalicFont = *
(fontspec)             Italic,BoldItalicFont = * Bold Italic,SmallCapsFont =
(fontspec)             *].
(fontspec)              
(fontspec)              This font family consists of the following NFSS
(fontspec)             series/shapes:
(fontspec)              
(fontspec)             - 'normal' (m/n) with NFSS spec.:
(fontspec)             <->s*[0.91]"name:DejaVu
(fontspec)             Serif:mode=node;script=latn;language=dflt;-smcp;+tlig;"
(fontspec)             - 'small caps'  (m/sc) with NFSS spec.:
(fontspec)             <->s*[0.91]"name:DejaVu
(fontspec)             Serif:mode=node;script=latn;language=dflt;-smcp;+tlig;"
(fontspec)             - 'bold' (b/n) with NFSS spec.: <->s*[0.91]"name:DejaVu
(fontspec)             Serif
(fontspec)             Bold:mode=node;script=latn;language=dflt;-smcp;+tlig;"
(fontspec)             - 'bold small caps'  (b/sc) with NFSS spec.:
(fontspec)             <->s*[0.91]"name:DejaVu
(fontspec)             Serif:mode=node;script=latn;language=dflt;-smcp;+tlig;"
(fontspec)             - 'italic' (m/it) with NFSS spec.:
(fontspec)             <->s*[0.91]"name:DejaVu Serif
(fontspec)             Italic:mode=node;script=latn;language=dflt;-smcp;+tlig;"
(fontspec)             - 'italic small caps'  (m/scit) with NFSS spec.:
(fontspec)             <->s*[0.91]"name:DejaVu
(fontspec)             Serif:mode=node;script=latn;language=dflt;-smcp;+tlig;"
(fontspec)             - 'bold italic' (b/it) with NFSS spec.:
(fontspec)             <->s*[0.91]"name:DejaVu Serif Bold
(fontspec)             Italic:mode=node;script=latn;language=dflt;-smcp;+tlig;"
(fontspec)             - 'bold italic small caps'  (b/scit) with NFSS spec.:
(fontspec)             <->s*[0.91]"name:DejaVu
(fontspec)             Serif:mode=node;script=latn;language=dflt;-smcp;+tlig;"


Package fontspec Info: 
(fontspec)             DejaVu Serif scale = 0.91.


Package fontspec Info: 
(fontspec)             DejaVu Serif scale = 0.91.


Package fontspec Info: 
(fontspec)             DejaVu Serif scale = 0.91.


Package fontspec Info: 
(fontspec)             DejaVu Serif Bold scale = 0.91.


Package fontspec Info: 
(fontspec)             DejaVu Serif scale = 0.91.


Package fontspec Info: 
(fontspec)             DejaVu Serif Italic scale = 0.91.


Package fontspec Info: 
(fontspec)             DejaVu Serif scale = 0.91.


Package fontspec Info: 
(fontspec)             DejaVu Serif Bold Italic scale = 0.91.


Package fontspec Info: 
(fontspec)             DejaVu Serif scale = 0.91.


Package fontspec Info: 
(fontspec)             Font family 'DejaVuSerif(1)' created for font 'DejaVu
(fontspec)             Serif' with options
(fontspec)             [Ligatures=TeX,RawFeature={-smcp},Ligatures=TeX,Renderer=Basic,Scale=0.91,UprightFont=
(fontspec)             *,BoldFont = * Bold,ItalicFont = *
(fontspec)             Italic,BoldItalicFont = * Bold Italic,SmallCapsFont =
(fontspec)             *].
(fontspec)              
(fontspec)              This font family consists of the following NFSS
(fontspec)             series/shapes:
(fontspec)              
(fontspec)             - 'normal' (m/n) with NFSS spec.:
(fontspec)             <->s*[0.91]"name:DejaVu
(fontspec)             Serif:mode=base;script=latn;language=dflt;-smcp;+tlig;"
(fontspec)             - 'small caps'  (m/sc) with NFSS spec.:
(fontspec)             <->s*[0.91]"name:DejaVu
(fontspec)             Serif:mode=base;script=latn;language=dflt;-smcp;+tlig;"
(fontspec)             - 'bold' (b/n) with NFSS spec.: <->s*[0.91]"name:DejaVu
(fontspec)             Serif
(fontspec)             Bold:mode=base;script=latn;language=dflt;-smcp;+tlig;"
(fontspec)             - 'bold small caps'  (b/sc) with NFSS spec.:
(fontspec)             <->s*[0.91]"name:DejaVu
(fontspec)             Serif:mode=base;script=latn;language=dflt;-smcp;+tlig;"
(fontspec)             - 'italic' (m/it) with NFSS spec.:
(fontspec)             <->s*[0.91]"name:DejaVu Serif
(fontspec)             Italic:mode=base;script=latn;language=dflt;-smcp;+tlig;"
(fontspec)             - 'italic small caps'  (m/scit) with NFSS spec.:
(fontspec)             <->s*[0.91]"name:DejaVu
(fontspec)             Serif:mode=base;script=latn;language=dflt;-smcp;+tlig;"
(fontspec)             - 'bold italic' (b/it) with NFSS spec.:
(fontspec)             <->s*[0.91]"name:DejaVu Serif Bold
(fontspec)             Italic:mode=base;script=latn;language=dflt;-smcp;+tlig;"
(fontspec)             - 'bold italic small caps'  (b/scit) with NFSS spec.:
(fontspec)             <->s*[0.91]"name:DejaVu
(fontspec)             Serif:mode=base;script=latn;language=dflt;-smcp;+tlig;"

LaTeX Font Info:    Overwriting math alphabet `\mathrm' in version `normal'
(Font)                  OT1/cmr/m/n --> TU/DejaVuSerif(1)/m/n on input line 156.
LaTeX Font Info:    Overwriting math alphabet `\mathit' in version `normal'
(Font)                  OT1/cmr/m/it --> TU/DejaVuSerif(1)/m/it on input line 156.
LaTeX Font Info:    Overwriting math alphabet `\mathbf' in version `normal'
(Font)                  OT1/cmr/bx/n --> TU/DejaVuSerif(1)/b/n on input line 156.
LaTeX Font Info:    Font shape `TU/DejaVuSerif(0)/m/n' will be
(Font)              scaled to size 10.92004pt on input line 156.

Package fontspec Info: 
(fontspec)             DejaVu Sans scale = 0.91.


Package fontspec Info: 
(fontspec)             DejaVu Sans scale = 0.91.


Package fontspec Info: 
(fontspec)             DejaVu Sans Bold scale = 0.91.


Package fontspec Info: 
(fontspec)             DejaVu Sans Oblique scale = 0.91.


Package fontspec Info: 
(fontspec)             DejaVu Sans Bold Oblique scale = 0.91.


Package fontspec Info: 
(fontspec)             Font family 'DejaVuSans(0)' created for font 'DejaVu
(fontspec)             Sans' with options
(fontspec)             [Ligatures=TeX,RawFeature={-smcp},Ligatures=TeX,Ligatures=TeX,Scale=0.91,UprightFont=
(fontspec)             *,BoldFont = * Bold,ItalicFont= *
(fontspec)             Oblique,BoldItalicFont = * Bold Oblique].
(fontspec)              
(fontspec)              This font family consists of the following NFSS
(fontspec)             series/shapes:
(fontspec)              
(fontspec)             - 'normal' (m/n) with NFSS spec.:
(fontspec)             <->s*[0.91]"name:DejaVu
(fontspec)             Sans:mode=node;script=latn;language=dflt;-smcp;+tlig;"
(fontspec)             - 'bold' (b/n) with NFSS spec.: <->s*[0.91]"name:DejaVu
(fontspec)             Sans
(fontspec)             Bold:mode=node;script=latn;language=dflt;-smcp;+tlig;"
(fontspec)             - 'italic' (m/it) with NFSS spec.:
(fontspec)             <->s*[0.91]"name:DejaVu Sans
(fontspec)             Oblique:mode=node;script=latn;language=dflt;-smcp;+tlig;"
(fontspec)             - 'bold italic' (b/it) with NFSS spec.:
(fontspec)             <->s*[0.91]"name:DejaVu Sans Bold
(fontspec)             Oblique:mode=node;script=latn;language=dflt;-smcp;+tlig;"


Package fontspec Info: 
(fontspec)             DejaVu Sans scale = 0.91.


Package fontspec Info: 
(fontspec)             DejaVu Sans scale = 0.91.


Package fontspec Info: 
(fontspec)             DejaVu Sans Bold scale = 0.91.


Package fontspec Info: 
(fontspec)             DejaVu Sans Oblique scale = 0.91.


Package fontspec Info: 
(fontspec)             DejaVu Sans Bold Oblique scale = 0.91.


Package fontspec Info: 
(fontspec)             Font family 'DejaVuSans(1)' created for font 'DejaVu
(fontspec)             Sans' with options
(fontspec)             [Ligatures=TeX,RawFeature={-smcp},Ligatures=TeX,Renderer=Basic,Scale=0.91,UprightFont=
(fontspec)             *,BoldFont = * Bold,ItalicFont= *
(fontspec)             Oblique,BoldItalicFont = * Bold Oblique].
(fontspec)              
(fontspec)              This font family consists of the following NFSS
(fontspec)             series/shapes:
(fontspec)              
(fontspec)             - 'normal' (m/n) with NFSS spec.:
(fontspec)             <->s*[0.91]"name:DejaVu
(fontspec)             Sans:mode=base;script=latn;language=dflt;-smcp;+tlig;"
(fontspec)             - 'bold' (b/n) with NFSS spec.: <->s*[0.91]"name:DejaVu
(fontspec)             Sans
(fontspec)             Bold:mode=base;script=latn;language=dflt;-smcp;+tlig;"
(fontspec)             - 'italic' (m/it) with NFSS spec.:
(fontspec)             <->s*[0.91]"name:DejaVu Sans
(fontspec)             Oblique:mode=base;script=latn;language=dflt;-smcp;+tlig;"
(fontspec)             - 'bold italic' (b/it) with NFSS spec.:
(fontspec)             <->s*[0.91]"name:DejaVu Sans Bold
(fontspec)             Oblique:mode=base;script=latn;language=dflt;-smcp;+tlig;"

LaTeX Font Info:    Overwriting math alphabet `\mathsf' in version `normal'
(Font)                  OT1/cmss/m/n --> TU/DejaVuSans(1)/m/n on input line 168.
LaTeX Font Info:    Overwriting math alphabet `\mathsf' in version `bold'
(Font)                  OT1/cmss/bx/n --> TU/DejaVuSans(1)/b/n on input line 168.

Package fontspec Info: 
(fontspec)             DejaVu Sans Mono scale = 0.91.


Package fontspec Info: 
(fontspec)             DejaVu Sans Mono scale = 0.91.


Package fontspec Info: 
(fontspec)             DejaVu Sans Mono Bold scale = 0.91.


Package fontspec Info: 
(fontspec)             DejaVu Sans Mono Oblique scale = 0.91.


Package fontspec Info: 
(fontspec)             DejaVu Sans Mono Bold Oblique scale = 0.91.


Package fontspec Info: 
(fontspec)             Font family 'DejaVuSansMono(0)' created for font
(fontspec)             'DejaVu Sans Mono' with options
(fontspec)             [Ligatures=TeX,RawFeature={-smcp},Ligatures=TeX,WordSpace={1,0,0},HyphenChar=None,PunctuationSpace=WordSpace,UprightFont=
(fontspec)             *,Scale=0.91,BoldFont = * Bold,ItalicFont= *
(fontspec)             Oblique,BoldItalicFont = * Bold Oblique].
(fontspec)              
(fontspec)              This font family consists of the following NFSS
(fontspec)             series/shapes:
(fontspec)              
(fontspec)             - 'normal' (m/n) with NFSS spec.:
(fontspec)             <->s*[0.91]"name:DejaVu Sans
(fontspec)             Mono:mode=node;script=latn;language=dflt;-smcp;+tlig;"
(fontspec)             - 'bold' (b/n) with NFSS spec.: <->s*[0.91]"name:DejaVu
(fontspec)             Sans Mono
(fontspec)             Bold:mode=node;script=latn;language=dflt;-smcp;+tlig;"
(fontspec)             - 'italic' (m/it) with NFSS spec.:
(fontspec)             <->s*[0.91]"name:DejaVu Sans Mono
(fontspec)             Oblique:mode=node;script=latn;language=dflt;-smcp;+tlig;"
(fontspec)             - 'bold italic' (b/it) with NFSS spec.:
(fontspec)             <->s*[0.91]"name:DejaVu Sans Mono Bold
(fontspec)             Oblique:mode=node;script=latn;language=dflt;-smcp;+tlig;"


Package fontspec Info: 
(fontspec)             DejaVu Sans Mono scale = 0.91.


Package fontspec Info: 
(fontspec)             DejaVu Sans Mono scale = 0.91.


Package fontspec Info: 
(fontspec)             DejaVu Sans Mono Bold scale = 0.91.


Package fontspec Info: 
(fontspec)             DejaVu Sans Mono Oblique scale = 0.91.


Package fontspec Info: 
(fontspec)             DejaVu Sans Mono Bold Oblique scale = 0.91.


Package fontspec Info: 
(fontspec)             Font family 'DejaVuSansMono(1)' created for font
(fontspec)             'DejaVu Sans Mono' with options
(fontspec)             [Ligatures=TeX,RawFeature={-smcp},Ligatures=TeX,Renderer=Basic,UprightFont=
(fontspec)             *,Scale=0.91,BoldFont = * Bold,ItalicFont= *
(fontspec)             Oblique,BoldItalicFont = * Bold Oblique].
(fontspec)              
(fontspec)              This font family consists of the following NFSS
(fontspec)             series/shapes:
(fontspec)              
(fontspec)             - 'normal' (m/n) with NFSS spec.:
(fontspec)             <->s*[0.91]"name:DejaVu Sans
(fontspec)             Mono:mode=base;script=latn;language=dflt;-smcp;+tlig;"
(fontspec)             - 'bold' (b/n) with NFSS spec.: <->s*[0.91]"name:DejaVu
(fontspec)             Sans Mono
(fontspec)             Bold:mode=base;script=latn;language=dflt;-smcp;+tlig;"
(fontspec)             - 'italic' (m/it) with NFSS spec.:
(fontspec)             <->s*[0.91]"name:DejaVu Sans Mono
(fontspec)             Oblique:mode=base;script=latn;language=dflt;-smcp;+tlig;"
(fontspec)             - 'bold italic' (b/it) with NFSS spec.:
(fontspec)             <->s*[0.91]"name:DejaVu Sans Mono Bold
(fontspec)             Oblique:mode=base;script=latn;language=dflt;-smcp;+tlig;"

LaTeX Font Info:    Overwriting math alphabet `\mathtt' in version `normal'
(Font)                  OT1/cmtt/m/n --> TU/DejaVuSansMono(1)/m/n on input line 178.
LaTeX Font Info:    Overwriting math alphabet `\mathtt' in version `bold'
(Font)                  OT1/cmtt/m/n --> TU/DejaVuSansMono(1)/b/n on input line 178.
LaTeX Font Info:    Redeclaring math version `normal' on input line 189.

Package fontspec Info: 
(fontspec)             Could not resolve font "TeXGyreDejaVuMath-Regular/B"
(fontspec)             (it probably doesn't exist).


Package fontspec Info: 
(fontspec)             Font family 'TeXGyreDejaVuMath-Regular(0)' created for
(fontspec)             font 'TeXGyreDejaVuMath-Regular' with options
(fontspec)             [Ligatures=TeX,RawFeature={-smcp},Ligatures=TeX,Renderer=Basic,BoldItalicFont={},ItalicFont={},SmallCapsFont={},Script=Math,RawFeature={mathfontdimen=xetex}].
(fontspec)              
(fontspec)              This font family consists of the following NFSS
(fontspec)             series/shapes:
(fontspec)              
(fontspec)             - 'normal' (m/n) with NFSS spec.:
(fontspec)             <->"name:TeXGyreDejaVuMath-Regular:mode=base;script=math;language=dflt;-smcp;+tlig;mathfontdimen=xetex;"


Package fontspec Info: 
(fontspec)             Could not resolve font "TeXGyreDejaVuMath-Regular/B"
(fontspec)             (it probably doesn't exist).


Package fontspec Info: 
(fontspec)             Font family 'TeXGyreDejaVuMath-Regular(1)' created for
(fontspec)             font 'TeXGyreDejaVuMath-Regular' with options
(fontspec)             [Ligatures=TeX,RawFeature={-smcp},Ligatures=TeX,Renderer=Basic,BoldItalicFont={},ItalicFont={},SmallCapsFont={},Script=Math,SizeFeatures={{Size=10.8-},{Size=8.7-10.8,Font=TeXGyreDejaVuMath-Regular,Style=MathScript},{Size=-8.7,Font=TeXGyreDejaVuMath-Regular,Style=MathScriptScript}},RawFeature={mathfontdimen=xetex}].
(fontspec)              
(fontspec)              This font family consists of the following NFSS
(fontspec)             series/shapes:
(fontspec)              
(fontspec)             - 'normal' (m/n) with NFSS spec.:
(fontspec)             <10.8->"name:TeXGyreDejaVuMath-Regular:mode=base;script=math;language=dflt;-smcp;+tlig;mathfontdimen=xetex;"<8.7-10.8>"name:TeXGyreDejaVuMath-Regular:mode=base;script=math;language=dflt;-smcp;+tlig;mathfontdimen=xetex;+ssty=0;"<-8.7>"name:TeXGyreDejaVuMath-Regular:mode=base;script=math;language=dflt;-smcp;+tlig;mathfontdimen=xetex;+ssty=1;"

LaTeX Font Info:    Encoding `OT1' has changed to `TU' for symbol font
(Font)              `operators' in the math version `normal' on input line 189.
LaTeX Font Info:    Overwriting symbol font `operators' in version `normal'
(Font)                  OT1/cmr/m/n --> TU/TeXGyreDejaVuMath-Regular(1)/m/n on input line 189.
LaTeX Font Info:    Encoding `OT1' has changed to `TU' for symbol font
(Font)              `operators' in the math version `bold' on input line 189.
LaTeX Font Info:    Overwriting symbol font `operators' in version `bold'
(Font)                  OT1/cmr/bx/n --> TU/TeXGyreDejaVuMath-Regular(1)/b/n on input line 189.

Package fontspec Info: 
(fontspec)             Could not resolve font "TeXGyreDejaVuMath-Regular/B"
(fontspec)             (it probably doesn't exist).


Package fontspec Info: 
(fontspec)             Font family 'TeXGyreDejaVuMath-Regular(2)' created for
(fontspec)             font 'TeXGyreDejaVuMath-Regular' with options
(fontspec)             [Ligatures=TeX,RawFeature={-smcp},Ligatures=TeX,Renderer=Basic,BoldItalicFont={},ItalicFont={},SmallCapsFont={},Script=Math,SizeFeatures={{Size=10.8-},{Size=8.7-10.8,Font=TeXGyreDejaVuMath-Regular,Style=MathScript},{Size=-8.7,Font=TeXGyreDejaVuMath-Regular,Style=MathScriptScript}},RawFeature={mathfontdimen=xetex},RawFeature={mathfontdimen=tex2}].
(fontspec)              
(fontspec)              This font family consists of the following NFSS
(fontspec)             series/shapes:
(fontspec)              
(fontspec)             - 'normal' (m/n) with NFSS spec.:
(fontspec)             <10.8->"name:TeXGyreDejaVuMath-Regular:mode=base;script=math;language=dflt;-smcp;+tlig;mathfontdimen=xetex;mathfontdimen=tex2;"<8.7-10.8>"name:TeXGyreDejaVuMath-Regular:mode=base;script=math;language=dflt;-smcp;+tlig;mathfontdimen=xetex;mathfontdimen=tex2;+ssty=0;"<-8.7>"name:TeXGyreDejaVuMath-Regular:mode=base;script=math;language=dflt;-smcp;+tlig;mathfontdimen=xetex;mathfontdimen=tex2;+ssty=1;"

LaTeX Font Info:    Encoding `OMS' has changed to `TU' for symbol font
(Font)              `symbols' in the math version `normal' on input line 189.
LaTeX Font Info:    Overwriting symbol font `symbols' in version `normal'
(Font)                  OMS/cmsy/m/n --> TU/TeXGyreDejaVuMath-Regular(2)/m/n on input line 189.
LaTeX Font Info:    Encoding `OMS' has changed to `TU' for symbol font
(Font)              `symbols' in the math version `bold' on input line 189.
LaTeX Font Info:    Overwriting symbol font `symbols' in version `bold'
(Font)                  OMS/cmsy/b/n --> TU/TeXGyreDejaVuMath-Regular(2)/b/n on input line 189.

Package fontspec Info: 
(fontspec)             Could not resolve font "TeXGyreDejaVuMath-Regular/B"
(fontspec)             (it probably doesn't exist).


Package fontspec Info: 
(fontspec)             Font family 'TeXGyreDejaVuMath-Regular(3)' created for
(fontspec)             font 'TeXGyreDejaVuMath-Regular' with options
(fontspec)             [Ligatures=TeX,RawFeature={-smcp},Ligatures=TeX,Renderer=Basic,BoldItalicFont={},ItalicFont={},SmallCapsFont={},Script=Math,SizeFeatures={{Size=10.8-},{Size=8.7-10.8,Font=TeXGyreDejaVuMath-Regular,Style=MathScript},{Size=-8.7,Font=TeXGyreDejaVuMath-Regular,Style=MathScriptScript}},RawFeature={mathfontdimen=xetex},RawFeature={mathfontdimen=tex3}].
(fontspec)              
(fontspec)              This font family consists of the following NFSS
(fontspec)             series/shapes:
(fontspec)              
(fontspec)             - 'normal' (m/n) with NFSS spec.:
(fontspec)             <10.8->"name:TeXGyreDejaVuMath-Regular:mode=base;script=math;language=dflt;-smcp;+tlig;mathfontdimen=xetex;mathfontdimen=tex3;"<8.7-10.8>"name:TeXGyreDejaVuMath-Regular:mode=base;script=math;language=dflt;-smcp;+tlig;mathfontdimen=xetex;mathfontdimen=tex3;+ssty=0;"<-8.7>"name:TeXGyreDejaVuMath-Regular:mode=base;script=math;language=dflt;-smcp;+tlig;mathfontdimen=xetex;mathfontdimen=tex3;+ssty=1;"

LaTeX Font Info:    Encoding `OMX' has changed to `TU' for symbol font
(Font)              `largesymbols' in the math version `normal' on input line 189.
LaTeX Font Info:    Overwriting symbol font `largesymbols' in version `normal'
(Font)                  OMX/cmex/m/n --> TU/TeXGyreDejaVuMath-Regular(3)/m/n on input line 189.
LaTeX Font Info:    Encoding `OMX' has changed to `TU' for symbol font
(Font)              `largesymbols' in the math version `bold' on input line 189.
LaTeX Font Info:    Overwriting symbol font `largesymbols' in version `bold'
(Font)                  OMX/cmex/m/n --> TU/TeXGyreDejaVuMath-Regular(3)/b/n on input line 189.
LaTeX Font Info:    Redeclaring math version `bold' on input line 190.

Package fontspec Info: 
(fontspec)             Could not resolve font "TeXGyreDejaVuMath-Regular/B"
(fontspec)             (it probably doesn't exist).


Package fontspec Info: 
(fontspec)             Font family 'TeXGyreDejaVuMath-Regular(4)' created for
(fontspec)             font 'TeXGyreDejaVuMath-Regular' with options
(fontspec)             [Ligatures=TeX,RawFeature={-smcp},Ligatures=TeX,Renderer=Basic,BoldItalicFont={},ItalicFont={},SmallCapsFont={},Script=Math,RawFeature={mathfontdimen=xetex},FakeBold={3}].
(fontspec)              
(fontspec)              This font family consists of the following NFSS
(fontspec)             series/shapes:
(fontspec)              
(fontspec)             - 'normal' (m/n) with NFSS spec.:
(fontspec)             <->"name:TeXGyreDejaVuMath-Regular:mode=base;script=math;language=dflt;embolden=3;-smcp;+tlig;mathfontdimen=xetex;"


Package fontspec Info: 
(fontspec)             Could not resolve font "TeXGyreDejaVuMath-Regular/B"
(fontspec)             (it probably doesn't exist).


Package fontspec Info: 
(fontspec)             Font family 'TeXGyreDejaVuMath-Regular(5)' created for
(fontspec)             font 'TeXGyreDejaVuMath-Regular' with options
(fontspec)             [Ligatures=TeX,RawFeature={-smcp},Ligatures=TeX,Renderer=Basic,BoldItalicFont={},ItalicFont={},SmallCapsFont={},Script=Math,SizeFeatures={{Size=10.8-},{Size=8.7-10.8,Font=TeXGyreDejaVuMath-Regular,Style=MathScript},{Size=-8.7,Font=TeXGyreDejaVuMath-Regular,Style=MathScriptScript}},RawFeature={mathfontdimen=xetex},FakeBold={3}].
(fontspec)              
(fontspec)              This font family consists of the following NFSS
(fontspec)             series/shapes:
(fontspec)              
(fontspec)             - 'normal' (m/n) with NFSS spec.:
(fontspec)             <10.8->"name:TeXGyreDejaVuMath-Regular:mode=base;script=math;language=dflt;embolden=3;-smcp;+tlig;mathfontdimen=xetex;"<8.7-10.8>"name:TeXGyreDejaVuMath-Regular:mode=base;script=math;language=dflt;embolden=3;-smcp;+tlig;mathfontdimen=xetex;+ssty=0;"<-8.7>"name:TeXGyreDejaVuMath-Regular:mode=base;script=math;language=dflt;embolden=3;-smcp;+tlig;mathfontdimen=xetex;+ssty=1;"

LaTeX Font Info:    Encoding `OT1' has changed to `TU' for symbol font
(Font)              `operators' in the math version `bold' on input line 190.
LaTeX Font Info:    Overwriting symbol font `operators' in version `bold'
(Font)                  OT1/cmr/m/n --> TU/TeXGyreDejaVuMath-Regular(5)/m/n on input line 190.

Package fontspec Info: 
(fontspec)             Could not resolve font "TeXGyreDejaVuMath-Regular/B"
(fontspec)             (it probably doesn't exist).


Package fontspec Info: 
(fontspec)             Font family 'TeXGyreDejaVuMath-Regular(6)' created for
(fontspec)             font 'TeXGyreDejaVuMath-Regular' with options
(fontspec)             [Ligatures=TeX,RawFeature={-smcp},Ligatures=TeX,Renderer=Basic,BoldItalicFont={},ItalicFont={},SmallCapsFont={},Script=Math,SizeFeatures={{Size=10.8-},{Size=8.7-10.8,Font=TeXGyreDejaVuMath-Regular,Style=MathScript},{Size=-8.7,Font=TeXGyreDejaVuMath-Regular,Style=MathScriptScript}},RawFeature={mathfontdimen=xetex},FakeBold={3},RawFeature={mathfontdimen=tex2}].
(fontspec)              
(fontspec)              This font family consists of the following NFSS
(fontspec)             series/shapes:
(fontspec)              
(fontspec)             - 'normal' (m/n) with NFSS spec.:
(fontspec)             <10.8->"name:TeXGyreDejaVuMath-Regular:mode=base;script=math;language=dflt;embolden=3;-smcp;+tlig;mathfontdimen=xetex;mathfontdimen=tex2;"<8.7-10.8>"name:TeXGyreDejaVuMath-Regular:mode=base;script=math;language=dflt;embolden=3;-smcp;+tlig;mathfontdimen=xetex;mathfontdimen=tex2;+ssty=0;"<-8.7>"name:TeXGyreDejaVuMath-Regular:mode=base;script=math;language=dflt;embolden=3;-smcp;+tlig;mathfontdimen=xetex;mathfontdimen=tex2;+ssty=1;"

LaTeX Font Info:    Encoding `OMS' has changed to `TU' for symbol font
(Font)              `symbols' in the math version `bold' on input line 190.
LaTeX Font Info:    Overwriting symbol font `symbols' in version `bold'
(Font)                  OMS/cmsy/m/n --> TU/TeXGyreDejaVuMath-Regular(6)/m/n on input line 190.

Package fontspec Info: 
(fontspec)             Could not resolve font "TeXGyreDejaVuMath-Regular/B"
(fontspec)             (it probably doesn't exist).


Package fontspec Info: 
(fontspec)             Font family 'TeXGyreDejaVuMath-Regular(7)' created for
(fontspec)             font 'TeXGyreDejaVuMath-Regular' with options
(fontspec)             [Ligatures=TeX,RawFeature={-smcp},Ligatures=TeX,Renderer=Basic,BoldItalicFont={},ItalicFont={},SmallCapsFont={},Script=Math,SizeFeatures={{Size=10.8-},{Size=8.7-10.8,Font=TeXGyreDejaVuMath-Regular,Style=MathScript},{Size=-8.7,Font=TeXGyreDejaVuMath-Regular,Style=MathScriptScript}},RawFeature={mathfontdimen=xetex},FakeBold={3},RawFeature={mathfontdimen=tex3}].
(fontspec)              
(fontspec)              This font family consists of the following NFSS
(fontspec)             series/shapes:
(fontspec)              
(fontspec)             - 'normal' (m/n) with NFSS spec.:
(fontspec)             <10.8->"name:TeXGyreDejaVuMath-Regular:mode=base;script=math;language=dflt;embolden=3;-smcp;+tlig;mathfontdimen=xetex;mathfontdimen=tex3;"<8.7-10.8>"name:TeXGyreDejaVuMath-Regular:mode=base;script=math;language=dflt;embolden=3;-smcp;+tlig;mathfontdimen=xetex;mathfontdimen=tex3;+ssty=0;"<-8.7>"name:TeXGyreDejaVuMath-Regular:mode=base;script=math;language=dflt;embolden=3;-smcp;+tlig;mathfontdimen=xetex;mathfontdimen=tex3;+ssty=1;"

LaTeX Font Info:    Encoding `OMX' has changed to `TU' for symbol font
(Font)              `largesymbols' in the math version `bold' on input line 190.
LaTeX Font Info:    Overwriting symbol font `largesymbols' in version `bold'
(Font)                  OMX/cmex/m/n --> TU/TeXGyreDejaVuMath-Regular(7)/m/n on input line 190.

Package fontspec Info: 
(fontspec)             DejaVu Serif Condensed scale = 0.91.


Package fontspec Info: 
(fontspec)             DejaVu Serif Condensed scale = 0.91.


Package fontspec Info: 
(fontspec)             DejaVu Serif Condensed Bold scale = 0.91.


Package fontspec Info: 
(fontspec)             DejaVu Serif Condensed Italic scale = 0.91.


Package fontspec Info: 
(fontspec)             DejaVu Serif Condensed Bold Italic scale = 0.91.


Package fontspec Info: 
(fontspec)             Font family 'DejaVuSerifCondensed(0)' created for font
(fontspec)             'DejaVu Serif Condensed' with options
(fontspec)             [Ligatures=TeX,RawFeature={-smcp},Ligatures=TeX,Scale=0.91,UprightFont=
(fontspec)             *,BoldFont = * Bold,ItalicFont = *
(fontspec)             Italic,BoldItalicFont = * Bold Italic].
(fontspec)              
(fontspec)              This font family consists of the following NFSS
(fontspec)             series/shapes:
(fontspec)              
(fontspec)             - 'normal' (m/n) with NFSS spec.:
(fontspec)             <->s*[0.91]"name:DejaVu Serif
(fontspec)             Condensed:mode=node;script=latn;language=dflt;-smcp;+tlig;"
(fontspec)             - 'bold' (b/n) with NFSS spec.: <->s*[0.91]"name:DejaVu
(fontspec)             Serif Condensed
(fontspec)             Bold:mode=node;script=latn;language=dflt;-smcp;+tlig;"
(fontspec)             - 'italic' (m/it) with NFSS spec.:
(fontspec)             <->s*[0.91]"name:DejaVu Serif Condensed
(fontspec)             Italic:mode=node;script=latn;language=dflt;-smcp;+tlig;"
(fontspec)             - 'bold italic' (b/it) with NFSS spec.:
(fontspec)             <->s*[0.91]"name:DejaVu Serif Condensed Bold
(fontspec)             Italic:mode=node;script=latn;language=dflt;-smcp;+tlig;"


Package fontspec Info: 
(fontspec)             DejaVu Sans Condensed scale = 0.91.


Package fontspec Info: 
(fontspec)             DejaVu Sans Condensed scale = 0.91.


Package fontspec Info: 
(fontspec)             DejaVu Sans Condensed Bold scale = 0.91.


Package fontspec Info: 
(fontspec)             DejaVu Sans Condensed Oblique scale = 0.91.


Package fontspec Info: 
(fontspec)             DejaVu Sans Condensed Bold Oblique scale = 0.91.


Package fontspec Info: 
(fontspec)             Font family 'DejaVuSansCondensed(0)' created for font
(fontspec)             'DejaVu Sans Condensed' with options
(fontspec)             [Ligatures=TeX,RawFeature={-smcp},Ligatures=TeX,Scale=0.91,UprightFont=
(fontspec)             *,BoldFont = * Bold,ItalicFont= *
(fontspec)             Oblique,BoldItalicFont = * Bold Oblique].
(fontspec)              
(fontspec)              This font family consists of the following NFSS
(fontspec)             series/shapes:
(fontspec)              
(fontspec)             - 'normal' (m/n) with NFSS spec.:
(fontspec)             <->s*[0.91]"name:DejaVu Sans
(fontspec)             Condensed:mode=node;script=latn;language=dflt;-smcp;+tlig;"
(fontspec)             - 'bold' (b/n) with NFSS spec.: <->s*[0.91]"name:DejaVu
(fontspec)             Sans Condensed
(fontspec)             Bold:mode=node;script=latn;language=dflt;-smcp;+tlig;"
(fontspec)             - 'italic' (m/it) with NFSS spec.:
(fontspec)             <->s*[0.91]"name:DejaVu Sans Condensed
(fontspec)             Oblique:mode=node;script=latn;language=dflt;-smcp;+tlig;"
(fontspec)             - 'bold italic' (b/it) with NFSS spec.:
(fontspec)             <->s*[0.91]"name:DejaVu Sans Condensed Bold
(fontspec)             Oblique:mode=node;script=latn;language=dflt;-smcp;+tlig;"


Package fontspec Info: 
(fontspec)             DejaVu Sans ExtraLight scale = 0.91.


Package fontspec Info: 
(fontspec)             DejaVu Sans ExtraLight scale = 0.91.


Package fontspec Info: 
(fontspec)             DejaVu Sans ExtraLight scale = 0.91.


Package fontspec Info: 
(fontspec)             DejaVu Sans ExtraLight scale = 0.91.


Package fontspec Info: 
(fontspec)             DejaVu Sans ExtraLight scale = 0.91.


Package fontspec Info: 
(fontspec)             Font family 'DejaVuSansExtraLight(0)' created for font
(fontspec)             'DejaVu Sans ExtraLight' with options
(fontspec)             [Ligatures=TeX,RawFeature={-smcp},Ligatures=TeX,UprightFont
(fontspec)             = *,Scale=0.91,BoldFont = *,BoldFeatures = {
(fontspec)             RawFeature={embolden=3} },ItalicFont= *,ItalicFeatures
(fontspec)             = { FakeSlant = 0.2},BoldItalicFont =
(fontspec)             *,BoldItalicFeatures = {
(fontspec)             RawFeature={embolden=3},FakeSlant=0.2}].
(fontspec)              
(fontspec)              This font family consists of the following NFSS
(fontspec)             series/shapes:
(fontspec)              
(fontspec)             - 'normal' (m/n) with NFSS spec.:
(fontspec)             <->s*[0.91]"name:DejaVu Sans
(fontspec)             ExtraLight:mode=node;script=latn;language=dflt;-smcp;+tlig;"
(fontspec)             - 'bold' (b/n) with NFSS spec.: <->s*[0.91]"name:DejaVu
(fontspec)             Sans
(fontspec)             ExtraLight:mode=node;script=latn;language=dflt;-smcp;+tlig;embolden=3;"
(fontspec)             - 'italic' (m/it) with NFSS spec.:
(fontspec)             <->s*[0.91]"name:DejaVu Sans
(fontspec)             ExtraLight:mode=node;script=latn;language=dflt;slant=0.2;-smcp;+tlig;"
(fontspec)             - 'bold italic' (b/it) with NFSS spec.:
(fontspec)             <->s*[0.91]"name:DejaVu Sans
(fontspec)             ExtraLight:mode=node;script=latn;language=dflt;slant=0.2;-smcp;+tlig;embolden=3;"

)

Package fontspec Info: 
(fontspec)             Could not resolve font "FiraMath/B" (it probably
(fontspec)             doesn't exist).


Package fontspec Info: 
(fontspec)             Font family 'FiraMath(0)' created for font 'FiraMath'
(fontspec)             with options
(fontspec)             [Ligatures=TeX,RawFeature={-smcp},Ligatures=TeX,Renderer=Basic,BoldItalicFont={},ItalicFont={},SmallCapsFont={},Script=Math,RawFeature={mathfontdimen=xetex}].
(fontspec)              
(fontspec)              This font family consists of the following NFSS
(fontspec)             series/shapes:
(fontspec)              
(fontspec)             - 'normal' (m/n) with NFSS spec.:
(fontspec)             <->"name:FiraMath:mode=base;script=math;language=dflt;-smcp;+tlig;mathfontdimen=xetex;"


Package fontspec Info: 
(fontspec)             Could not resolve font "FiraMath/B" (it probably
(fontspec)             doesn't exist).


Package fontspec Info: 
(fontspec)             Font family 'FiraMath(1)' created for font 'FiraMath'
(fontspec)             with options
(fontspec)             [Ligatures=TeX,RawFeature={-smcp},Ligatures=TeX,Renderer=Basic,BoldItalicFont={},ItalicFont={},SmallCapsFont={},Script=Math,SizeFeatures={{Size=10.32-},{Size=7.8-10.32,Font=FiraMath,Style=MathScript},{Size=-7.8,Font=FiraMath,Style=MathScriptScript}},RawFeature={mathfontdimen=xetex}].
(fontspec)              
(fontspec)              This font family consists of the following NFSS
(fontspec)             series/shapes:
(fontspec)              
(fontspec)             - 'normal' (m/n) with NFSS spec.:
(fontspec)             <10.32->"name:FiraMath:mode=base;script=math;language=dflt;-smcp;+tlig;mathfontdimen=xetex;"<7.8-10.32>"name:FiraMath:mode=base;script=math;language=dflt;-smcp;+tlig;mathfontdimen=xetex;+ssty=0;"<-7.8>"name:FiraMath:mode=base;script=math;language=dflt;-smcp;+tlig;mathfontdimen=xetex;+ssty=1;"

LaTeX Font Info:    Overwriting symbol font `operators' in version `normal'
(Font)                  TU/TeXGyreDejaVuMath-Regular(1)/m/n --> TU/FiraMath(1)/m/n on input line 195.
LaTeX Font Info:    Overwriting symbol font `operators' in version `bold'
(Font)                  TU/TeXGyreDejaVuMath-Regular(5)/m/n --> TU/FiraMath(1)/b/n on input line 195.

Package fontspec Info: 
(fontspec)             Could not resolve font "FiraMath/B" (it probably
(fontspec)             doesn't exist).


Package fontspec Info: 
(fontspec)             Font family 'FiraMath(2)' created for font 'FiraMath'
(fontspec)             with options
(fontspec)             [Ligatures=TeX,RawFeature={-smcp},Ligatures=TeX,Renderer=Basic,BoldItalicFont={},ItalicFont={},SmallCapsFont={},Script=Math,SizeFeatures={{Size=10.32-},{Size=7.8-10.32,Font=FiraMath,Style=MathScript},{Size=-7.8,Font=FiraMath,Style=MathScriptScript}},RawFeature={mathfontdimen=xetex},RawFeature={mathfontdimen=tex2}].
(fontspec)              
(fontspec)              This font family consists of the following NFSS
(fontspec)             series/shapes:
(fontspec)              
(fontspec)             - 'normal' (m/n) with NFSS spec.:
(fontspec)             <10.32->"name:FiraMath:mode=base;script=math;language=dflt;-smcp;+tlig;mathfontdimen=xetex;mathfontdimen=tex2;"<7.8-10.32>"name:FiraMath:mode=base;script=math;language=dflt;-smcp;+tlig;mathfontdimen=xetex;mathfontdimen=tex2;+ssty=0;"<-7.8>"name:FiraMath:mode=base;script=math;language=dflt;-smcp;+tlig;mathfontdimen=xetex;mathfontdimen=tex2;+ssty=1;"

LaTeX Font Info:    Overwriting symbol font `symbols' in version `normal'
(Font)                  TU/TeXGyreDejaVuMath-Regular(2)/m/n --> TU/FiraMath(2)/m/n on input line 195.
LaTeX Font Info:    Overwriting symbol font `symbols' in version `bold'
(Font)                  TU/TeXGyreDejaVuMath-Regular(6)/m/n --> TU/FiraMath(2)/b/n on input line 195.

Package fontspec Info: 
(fontspec)             Could not resolve font "FiraMath/B" (it probably
(fontspec)             doesn't exist).


Package fontspec Info: 
(fontspec)             Font family 'FiraMath(3)' created for font 'FiraMath'
(fontspec)             with options
(fontspec)             [Ligatures=TeX,RawFeature={-smcp},Ligatures=TeX,Renderer=Basic,BoldItalicFont={},ItalicFont={},SmallCapsFont={},Script=Math,SizeFeatures={{Size=10.32-},{Size=7.8-10.32,Font=FiraMath,Style=MathScript},{Size=-7.8,Font=FiraMath,Style=MathScriptScript}},RawFeature={mathfontdimen=xetex},RawFeature={mathfontdimen=tex3}].
(fontspec)              
(fontspec)              This font family consists of the following NFSS
(fontspec)             series/shapes:
(fontspec)              
(fontspec)             - 'normal' (m/n) with NFSS spec.:
(fontspec)             <10.32->"name:FiraMath:mode=base;script=math;language=dflt;-smcp;+tlig;mathfontdimen=xetex;mathfontdimen=tex3;"<7.8-10.32>"name:FiraMath:mode=base;script=math;language=dflt;-smcp;+tlig;mathfontdimen=xetex;mathfontdimen=tex3;+ssty=0;"<-7.8>"name:FiraMath:mode=base;script=math;language=dflt;-smcp;+tlig;mathfontdimen=xetex;mathfontdimen=tex3;+ssty=1;"

LaTeX Font Info:    Overwriting symbol font `largesymbols' in version `normal'
(Font)                  TU/TeXGyreDejaVuMath-Regular(3)/m/n --> TU/FiraMath(3)/m/n on input line 195.
LaTeX Font Info:    Overwriting symbol font `largesymbols' in version `bold'
(Font)                  TU/TeXGyreDejaVuMath-Regular(7)/m/n --> TU/FiraMath(3)/b/n on input line 195.

Package fontspec Info: 
(fontspec)             Font family 'XITSMath(0)' created for font 'XITSMath'
(fontspec)             with options
(fontspec)             [Ligatures=TeX,RawFeature={-smcp},Ligatures=TeX,Renderer=Basic,BoldItalicFont={},ItalicFont={},SmallCapsFont={},Script=Math,SizeFeatures={{Size=10.32-},{Size=7.8-10.32,Font=XITSMath,Style=MathScript},{Size=-7.8,Font=XITSMath,Style=MathScriptScript}},RawFeature={mathfontdimen=xetex}].
(fontspec)              
(fontspec)              This font family consists of the following NFSS
(fontspec)             series/shapes:
(fontspec)              
(fontspec)             - 'normal' (m/n) with NFSS spec.:
(fontspec)             <10.32->"name:XITSMath:mode=base;script=math;language=dflt;-smcp;+tlig;mathfontdimen=xetex;"<7.8-10.32>"name:XITSMath:mode=base;script=math;language=dflt;-smcp;+tlig;mathfontdimen=xetex;+ssty=0;"<-7.8>"name:XITSMath:mode=base;script=math;language=dflt;-smcp;+tlig;mathfontdimen=xetex;+ssty=1;"
(fontspec)             - 'bold' (b/n) with NFSS spec.:
(fontspec)             <->"name:XITSMath/B:mode=base;script=math;language=dflt;-smcp;+tlig;mathfontdimen=xetex;"

\sym__um_fam1=\mathgroup4
LaTeX Font Info:    Overwriting symbol font `__um_fam1' in version `normal'
(Font)                  TU/XITSMath(0)/m/n --> TU/XITSMath(0)/m/n on input line 195.
LaTeX Font Info:    Overwriting symbol font `__um_fam1' in version `bold'
(Font)                  TU/XITSMath(0)/m/n --> TU/XITSMath(0)/b/n on input line 195.

Package fontspec Info: 
(fontspec)             Font family 'DejaVuSans(2)' created for font
(fontspec)             'DejaVuSans' with options
(fontspec)             [Ligatures=TeX,RawFeature={-smcp},Ligatures=TeX,Renderer=Basic].
(fontspec)              
(fontspec)              This font family consists of the following NFSS
(fontspec)             series/shapes:
(fontspec)              
(fontspec)             - 'normal' (m/n) with NFSS spec.:
(fontspec)             <->"name:DejaVuSans:mode=base;script=latn;language=dflt;-smcp;+tlig;"
(fontspec)             - 'bold' (b/n) with NFSS spec.:
(fontspec)             <->"name:DejaVuSans/B:mode=base;script=latn;language=dflt;-smcp;+tlig;"
(fontspec)             - 'italic' (m/it) with NFSS spec.:
(fontspec)             <->"name:DejaVuSans/I:mode=base;script=latn;language=dflt;-smcp;+tlig;"
(fontspec)             - 'bold italic' (b/it) with NFSS spec.:
(fontspec)             <->"name:DejaVuSans/BI:mode=base;script=latn;language=dflt;-smcp;+tlig;"

LaTeX Font Info:    Overwriting math alphabet `\mathrm' in version `normal'
(Font)                  > TU/DejaVuSans(2)/m/n on input line 195.
LaTeX Font Info:    Overwriting math alphabet `\mathit' in version `normal'
(Font)                  OT1/cmr/m/it --> TU/DejaVuSans(2)/m/it on input line 195.
LaTeX Font Info:    Overwriting math alphabet `\mathbf' in version `normal'
(Font)                  OT1/cmr/bx/n --> TU/DejaVuSans(2)/b/n on input line 195.
))) (c:/Users/bastian.na/texmf/tex/latex/othr-ci/OTHR_clscommons.sty
Package: OTHR_clscommons 
 (c:/texlive/2026/texmf-dist/tex/generic/oberdiek/iflang.sty
Package: iflang 2018/01/21 v1.7 Checks for the current language (HO)
Package iflang Info: Naming convention for patterns: babel.
)
\tlimagewidth=\skip68
\trboxwidth=\skip69
) (c:/texlive/2026/texmf-dist/tex/generic/babel/babel.sty
Package: babel 2026/02/14 v26.3 The multilingual framework for LuaLaTeX, pdfLaTeX and XeLaTeX
 (c:/texlive/2026/texmf-dist/tex/generic/babel/luababel.def
\bbl@readstream=\read2
\l@dumylang=\language2
Package babel Info: Non-standard hyphenation setup on input line 118.
\l@nohyphenation=\language3
\l@german-x-2024-02-28=\language4
\l@ngerman-x-2024-02-28=\language5
\l@afrikaans=\language6
\l@albanian=\language7
\l@ancientgreek=\language8
\l@ibycus=\language9
\l@arabic=\language10
\l@armenian=\language11
\l@basque=\language12
\l@belarusian=\language13
\l@bulgarian=\language14
\l@catalan=\language15
\l@pinyin=\language16
\l@churchslavonic=\language17
\l@coptic=\language18
\l@croatian=\language19
\l@czech=\language20
\l@danish=\language21
\l@dutch=\language22
\l@ukenglish=\language23
\l@usenglishmax=\language24
\l@esperanto=\language25
\l@estonian=\language26
\l@ethiopic=\language27
\l@farsi=\language28
\l@finnish=\language29
\l@schoolfinnish=\language30
\l@french=\language31
\l@friulan=\language32
\l@galician=\language33
\l@georgian=\language34
\l@german=\language35
\l@ngerman=\language36
\l@swissgerman=\language37
\l@greek=\language38
\l@monogreek=\language39
\l@hebrew=\language40
\l@hungarian=\language41
\l@icelandic=\language42
\l@assamese=\language43
\l@bengali=\language44
\l@gujarati=\language45
\l@hindi=\language46
\l@kannada=\language47
\l@malayalam=\language48
\l@marathi=\language49
\l@oriya=\language50
\l@pali=\language51
\l@panjabi=\language52
\l@tamil=\language53
\l@telugu=\language54
\l@indonesian=\language55
\l@interlingua=\language56
\l@irish=\language57
\l@italian=\language58
\l@kazakh=\language59
\l@kurmanji=\language60
\l@classiclatin=\language61
\l@latin=\language62
\l@liturgicallatin=\language63
\l@latvian=\language64
\l@lithuanian=\language65
\l@macedonian=\language66
\l@mongolian=\language67
\l@mongolianlmc=\language68
\l@bokmal=\language69
\l@nynorsk=\language70
\l@occitan=\language71
\l@piedmontese=\language72
\l@polish=\language73
\l@portuguese=\language74
\l@romanian=\language75
\l@romansh=\language76
\l@russian=\language77
\l@sanskrit=\language78
\l@serbian=\language79
\l@serbianc=\language80
\l@slovak=\language81
\l@slovenian=\language82
\l@spanish=\language83
\l@swedish=\language84
\l@thai=\language85
\l@turkish=\language86
\l@turkmen=\language87
\l@ukrainian=\language88
\l@uppersorbian=\language89
\l@vietnamese=\language90
\l@welsh=\language91
\babelcatcodetablenum=\catcodetable15
\bbl@pattcodes=\catcodetable16
)
\babel@savecnt=\count311
LaTeX Encoding Info:    Redeclaring text command \ij (encoding OT1) on input line 2078.
LaTeX Encoding Info:    Redeclaring text command \IJ (encoding OT1) on input line 2080.
LaTeX Encoding Info:    Redeclaring text command \ij (encoding T1) on input line 2082.
LaTeX Encoding Info:    Redeclaring text command \IJ (encoding T1) on input line 2083.
LaTeX Encoding Info:    Ignoring declaration for text command \ij (encoding ?) on input line 2084.
LaTeX Encoding Info:    Ignoring declaration for text command \IJ (encoding ?) on input line 2086.
LaTeX Encoding Info:    Ignoring declaration for text command \SS (encoding ?) on input line 2111.
\U@D=\dimen164
\l@unhyphenated=\language92
 (c:/texlive/2026/texmf-dist/tex/generic/babel/luababel.def
\bbl@attr@locale=\attribute4
) (c:/texlive/2026/texmf-dist/tex/generic/babel/locale/en/babel-english.tex) (c:/texlive/2026/texmf-dist/tex/generic/babel/locale/invalid/babel-ngerman.tex)
Package babel Info: Importing font and identification data for english
(babel)             from babel-en.ini. Reported on input line 4330.
 (c:/texlive/2026/texmf-dist/tex/generic/babel-english/english.ldf
Language: english 2017/06/06 v3.3r English support from the babel system
Package babel Info: Hyphen rules for 'canadian' set to \l@english
(babel)             (\language0). Reported on input line 102.
Package babel Info: Hyphen rules for 'australian' set to \l@ukenglish
(babel)             (\language23). Reported on input line 105.
Package babel Info: Hyphen rules for 'newzealand' set to \l@ukenglish
(babel)             (\language23). Reported on input line 108.
)
Package babel Info: Importing font and identification data for ngerman
(babel)             from babel-de.ini. Reported on input line 4330.
 (c:/texlive/2026/texmf-dist/tex/generic/babel-german/ngerman.ldf
Language: ngerman 
 (c:/texlive/2026/texmf-dist/tex/generic/babel-german/babel-german.def
Package babel Info: Making " an active character on input line 470.
 (c:/texlive/2026/texmf-dist/tex/generic/hyph-utf8/loadhyph/loadhyph-de-1996.tex UTF-8 German hyphenation patterns (reformed orthography) (c:/texlive/2026/texmf-dist/tex/generic/hyph-utf8/patterns/tex/hyph-de-1996.tex German Hyphenation Patterns (Reformed Orthography, 2006) `dehyphn-x' 2024-02-28 (WL)))))) (c:/texlive/2026/texmf-dist/tex/latex/hyperref/hyperref.sty
Package: hyperref 2026-01-29 v7.01p Hypertext links for LaTeX
 (c:/texlive/2026/texmf-dist/tex/latex/kvsetkeys/kvsetkeys.sty
Package: kvsetkeys 2022-10-05 v1.19 Key value parser (HO)
) (c:/texlive/2026/texmf-dist/tex/generic/kvdefinekeys/kvdefinekeys.sty
Package: kvdefinekeys 2019-12-19 v1.6 Define keys (HO)
) (c:/texlive/2026/texmf-dist/tex/generic/pdfescape/pdfescape.sty
Package: pdfescape 2019/12/09 v1.15 Implements pdfTeX's escape features (HO)
) (c:/texlive/2026/texmf-dist/tex/latex/hycolor/hycolor.sty
Package: hycolor 2020-01-27 v1.10 Color options for hyperref/bookmark (HO)
) (c:/texlive/2026/texmf-dist/tex/latex/hyperref/nameref.sty
Package: nameref 2026-01-29 v2.58 Cross-referencing by name of section
 (c:/texlive/2026/texmf-dist/tex/latex/refcount/refcount.sty
Package: refcount 2019/12/15 v3.6 Data extraction from label references (HO)
) (c:/texlive/2026/texmf-dist/tex/generic/gettitlestring/gettitlestring.sty
Package: gettitlestring 2019/12/15 v1.6 Cleanup title references (HO)
 (c:/texlive/2026/texmf-dist/tex/latex/kvoptions/kvoptions.sty
Package: kvoptions 2022-06-15 v3.15 Key value format for package options (HO)
))
\c@section@level=\count312
) (c:/texlive/2026/texmf-dist/tex/generic/stringenc/stringenc.sty
Package: stringenc 2019/11/29 v1.12 Convert strings between diff. encodings (HO)
)
\@linkdim=\dimen165
\Hy@linkcounter=\count313
\Hy@pagecounter=\count314
 (c:/texlive/2026/texmf-dist/tex/latex/hyperref/pd1enc.def
File: pd1enc.def 2026-01-29 v7.01p Hyperref: PDFDocEncoding definition (HO)
) (c:/texlive/2026/texmf-dist/tex/generic/intcalc/intcalc.sty
Package: intcalc 2019/12/15 v1.3 Expandable calculations with integers (HO)
)
\Hy@SavedSpaceFactor=\count315
 (c:/texlive/2026/texmf-dist/tex/latex/hyperref/puenc.def
File: puenc.def 2026-01-29 v7.01p Hyperref: PDF Unicode definition (HO)
)
Package hyperref Info: Hyper figures OFF on input line 4201.
Package hyperref Info: Link nesting OFF on input line 4206.
Package hyperref Info: Hyper index ON on input line 4209.
Package hyperref Info: Plain pages OFF on input line 4216.
Package hyperref Info: Backreferencing OFF on input line 4221.
Package hyperref Info: Implicit mode ON; LaTeX internals redefined.
Package hyperref Info: Bookmarks ON on input line 4468.
\c@Hy@tempcnt=\count316
 (c:/texlive/2026/texmf-dist/tex/latex/url/url.sty
\Urlmuskip=\muskip19
Package: url 2013/09/16  ver 3.4  Verb mode for urls, etc.
)
LaTeX Info: Redefining \url on input line 4807.
\XeTeXLinkMargin=\dimen166
 (c:/texlive/2026/texmf-dist/tex/generic/bitset/bitset.sty
Package: bitset 2019/12/09 v1.3 Handle bit-vector datatype (HO)
 (c:/texlive/2026/texmf-dist/tex/generic/bigintcalc/bigintcalc.sty
Package: bigintcalc 2019/12/15 v1.5 Expandable calculations on big integers (HO)
))
\Fld@menulength=\count317
\Field@Width=\dimen167
\Fld@charsize=\dimen168
Package hyperref Info: Hyper figures OFF on input line 6084.
Package hyperref Info: Link nesting OFF on input line 6089.
Package hyperref Info: Hyper index ON on input line 6092.
Package hyperref Info: backreferencing OFF on input line 6099.
Package hyperref Info: Link coloring OFF on input line 6104.
Package hyperref Info: Link coloring with OCG OFF on input line 6109.
Package hyperref Info: PDF/A mode OFF on input line 6114.
\Hy@abspage=\count318
\c@Item=\count319
\c@Hfootnote=\count320
)
Package hyperref Info: Driver (autodetected): hluatex.
 (c:/texlive/2026/texmf-dist/tex/latex/hyperref/hluatex.def
File: hluatex.def 2026-01-29 v7.01p Hyperref driver for luaTeX
\Fld@listcount=\count321
\c@bookmark@seq@number=\count322
 (c:/texlive/2026/texmf-dist/tex/latex/rerunfilecheck/rerunfilecheck.sty
Package: rerunfilecheck 2025-06-21 v1.11 Rerun checks for auxiliary files (HO)
 (c:/texlive/2026/texmf-dist/tex/generic/uniquecounter/uniquecounter.sty
Package: uniquecounter 2019/12/15 v1.4 Provide unlimited unique counter (HO)
)
Package uniquecounter Info: New unique counter `rerunfilecheck' on input line 284.
)
\Hy@SectionHShift=\skip70
) (c:/texlive/2026/texmf-dist/tex/latex/koma-script/scrlayer-scrpage.sty
Package: scrlayer-scrpage 2026/02/02 v3.49.2 KOMA-Script package (end user interface for scrlayer)
 (c:/texlive/2026/texmf-dist/tex/latex/koma-script/scrlayer.sty
Package: scrlayer 2026/02/02 v3.49.2 KOMA-Script package (defining layers and page styles)
Package scrlayer Info: patching LaTeX kernel macro \pagestyle on input line 2179.
)
Package scrlayer-scrpage Info: Makeing stand-alone element `pagehead' from
(scrlayer-scrpage)             alias to `pageheadfoot' on input line 1106.
)
Class scrartcl Info: loading recommended package `bookmark'.
(scrartcl)           Using `bookmark' together with `hyperref' is recommended,
(scrartcl)           because of handling of possible bookmark level gaps.
(scrartcl)           You can avoid loading `bookmark' with KOMA-Script option
(scrartcl)           `bookmarkpackage=false' before \begin{document} and
(scrartcl)           you can avoid this message adding:
(scrartcl)             \usepackage{bookmark}
(scrartcl)           before \begin{document} on input line 38.
 (c:/texlive/2026/texmf-dist/tex/latex/bookmark/bookmark.sty
Package: bookmark 2023-12-10 v1.31 PDF bookmarks (HO)
 (c:/texlive/2026/texmf-dist/tex/latex/bookmark/bkm-pdftex.def
File: bkm-pdftex.def 2023-12-10 v1.31 bookmark driver for pdfTeX and luaTeX (HO)
\BKM@id=\count323
))
LaTeX Font Info:    Font shape `TU/DejaVuSans(0)/m/n' will be
(Font)              scaled to size 10.92004pt on input line 38.
 (./build/main.aux
Package babel Info: 'ngerman' activates 'german' shorthands.
(babel)             Reported on input line 10.
)
\openout1 = main.aux

LaTeX Font Info:    Checking defaults for OML/cmm/m/it on input line 38.
LaTeX Font Info:    ... okay on input line 38.
LaTeX Font Info:    Checking defaults for OMS/cmsy/m/n on input line 38.
LaTeX Font Info:    ... okay on input line 38.
LaTeX Font Info:    Checking defaults for OT1/cmr/m/n on input line 38.
LaTeX Font Info:    ... okay on input line 38.
LaTeX Font Info:    Checking defaults for T1/cmr/m/n on input line 38.
LaTeX Font Info:    ... okay on input line 38.
LaTeX Font Info:    Checking defaults for TS1/cmr/m/n on input line 38.
LaTeX Font Info:    ... okay on input line 38.
LaTeX Font Info:    Checking defaults for TU/lmr/m/n on input line 38.
LaTeX Font Info:    ... okay on input line 38.
LaTeX Font Info:    Checking defaults for OMX/cmex/m/n on input line 38.
LaTeX Font Info:    ... okay on input line 38.
LaTeX Font Info:    Checking defaults for U/cmr/m/n on input line 38.
LaTeX Font Info:    ... okay on input line 38.
LaTeX Font Info:    Checking defaults for PD1/pdf/m/n on input line 38.
LaTeX Font Info:    ... okay on input line 38.
LaTeX Font Info:    Checking defaults for PU/pdf/m/n on input line 38.
LaTeX Font Info:    ... okay on input line 38.
 (c:/texlive/2026/texmf-dist/tex/context/base/mkii/supp-pdf.mkii
[Loading MPS to PDF converter (version 2006.09.02).]
\scratchcounter=\count324
\scratchdimen=\dimen169
\scratchbox=\box57
\nofMPsegments=\count325
\nofMParguments=\count326
\everyMPshowfont=\toks27
\MPscratchCnt=\count327
\MPscratchDim=\dimen170
\MPnumerator=\count328
\makeMPintoPDFobject=\count329
\everyMPtoPDFconversion=\toks28
) (c:/texlive/2026/texmf-dist/tex/latex/epstopdf-pkg/epstopdf-base.sty
Package: epstopdf-base 2020-01-24 v2.11 Base part for package epstopdf
 (c:/texlive/2026/texmf-dist/tex/latex/grfext/grfext.sty
Package: grfext 2019/12/03 v1.3 Manage graphics extensions (HO)
)
Package epstopdf-base Info: Redefining graphics rule for `.eps' on input line 485.
Package grfext Info: Graphics extension search list:
(grfext)             [.pdf,.png,.jpg,.mps,.jpeg,.jbig2,.jb2,.PDF,.PNG,.JPG,.JPEG,.JBIG2,.JB2,.eps]
(grfext)             \AppendGraphicsExtensions on input line 504.
 (c:/texlive/2026/texmf-dist/tex/latex/latexconfig/epstopdf-sys.cfg
File: epstopdf-sys.cfg 2010/07/13 v1.3 Configuration of (r)epstopdf for TeX Live
))
Package hyperref Info: Link coloring OFF on input line 38.
\g__cctab_next_cctab=\catcodetable17
<othr-logo_flat.pdf, id=4, 1116.17pt x 189.70876pt>
File: othr-logo_flat.pdf Graphic file (type pdf)
<use othr-logo_flat.pdf>
Package luatex.def Info: othr-logo_flat.pdf  used on input line 40.
(luatex.def)             Requested size: 267.83517pt x 45.5244pt.
<./figures/FEE-Gruppe_Logo.png, id=5, 725.71124pt x 354.32375pt>
File: ./figures/FEE-Gruppe_Logo.png Graphic file (type png)
<use ./figures/FEE-Gruppe_Logo.png>
Package luatex.def Info: ./figures/FEE-Gruppe_Logo.png  used on input line 40.
(luatex.def)             Requested size: 87.41379pt x 42.67912pt.

Overfull \hbox (10.92004pt too wide) in paragraph at lines 40--40
$[]$ 
 []

LaTeX Font Info:    Font shape `TU/DejaVuSans(0)/m/n' will be
(Font)              scaled to size 25.4801pt on input line 40.
LaTeX Font Info:    Font shape `TU/DejaVuSans(0)/b/n' will be
(Font)              scaled to size 25.4801pt on input line 40.
LaTeX Font Info:    Font shape `TU/DejaVuSans(0)/m/n' will be
(Font)              scaled to size 18.87347pt on input line 40.
LaTeX Font Info:    Font shape `TU/DejaVuSans(0)/m/n' will be
(Font)              scaled to size 18.20007pt on input line 40.
LaTeX Font Info:    Font shape `TU/DejaVuSans(0)/b/n' will be
(Font)              scaled to size 18.20007pt on input line 40.
LaTeX Font Info:    Font shape `TU/DejaVuSans(0)/m/n' will be
(Font)              scaled to size 13.10403pt on input line 40.
[1

{c:/texlive/2026/texmf-var/fonts/map/pdftex/updmap/pdftex.map}<c:/Users/bastian.na/texmf/tex/latex/othr-ci/othr-logo_flat.pdf><./figures/FEE-Gruppe_Logo.png>]
LaTeX Font Info:    Font shape `TU/DejaVuSans(0)/b/n' will be
(Font)              scaled to size 10.92004pt on input line 41.
LaTeX Font Info:    Font shape `TU/DejaVuSans(0)/b/n' will be
(Font)              scaled to size 15.72485pt on input line 41.
 (./build/main.toc)
\tf@toc=\write3

\openout3 = main.toc
LaTeX Font Info:    Font shape `TU/DejaVuSans(0)/m/sl' in size <12> not available
(Font)              Font shape `TU/DejaVuSans(0)/m/it' tried instead on input line 43.
LaTeX Font Info:    Font shape `TU/DejaVuSans(0)/m/it' will be
(Font)              scaled to size 10.92004pt on input line 43.
Package babel Info: 'ngerman' activates 'german' shorthands.
(babel)             Reported on input line 43.
 [2

] (./build/main.aux)
 ***********
LaTeX2e <2025-11-01>
L3 programming layer <2026-01-19>
 ***********
)

Here is how much of LuaTeX's memory you used:
 24205 strings out of 476076
 100000,1373583 words of node,token memory allocated
 571 words of node memory still in use:
   7 hlist, 2 vlist, 2 rule, 6 glue, 4 kern, 1 glyph, 14 attribute, 58 glue_spec, 8 attribute_list, 1 write nodes
   avail lists: 1:1,2:481,3:74,4:40,5:86,6:54,7:961,8:1,9:284,10:5,11:114
 46263 multiletter control sequences out of 65536+600000
 123 fonts using 68347583 bytes
 156i,19n,154p,11272b,2768s stack positions out of 10000i,1000n,20000p,200000b,200000s
<c:/texlive/2026/texmf-dist/fonts/truetype/public/dejavu/DejaVuSans-Oblique.ttf><c:/texlive/2026/texmf-dist/fonts/truetype/public/dejavu/DejaVuSans.ttf><c:/texlive/2026/texmf-dist/fonts/truetype/public/dejavu/DejaVuSans-Bold.ttf>
Output written on main.pdf (2 pages, 59201 bytes).

PDF statistics: 44 PDF objects out of 1000 (max. 8388607)
 26 compressed objects within 1 object stream
 3 named destinations out of 1000 (max. 1048576)
 1 words of extra memory for PDF output out of 10000 (max. 100000000)

